Archive member included because of file (symbol)

/cygdrive/c/altera/91/nios2eds/bin/nios2-gnutools/H-i686-pc-cygwin/bin/../lib/gcc/nios2-elf/3.4.6/../../../../nios2-elf/lib/libm.a(s_cos.o)
                              obj/collision_detection.o (cos)
/cygdrive/c/altera/91/nios2eds/bin/nios2-gnutools/H-i686-pc-cygwin/bin/../lib/gcc/nios2-elf/3.4.6/../../../../nios2-elf/lib/libm.a(s_sin.o)
                              obj/collision_detection.o (sin)
/cygdrive/c/altera/91/nios2eds/bin/nios2-gnutools/H-i686-pc-cygwin/bin/../lib/gcc/nios2-elf/3.4.6/../../../../nios2-elf/lib/libm.a(sf_round.o)
                              obj/draw.o (roundf)
/cygdrive/c/altera/91/nios2eds/bin/nios2-gnutools/H-i686-pc-cygwin/bin/../lib/gcc/nios2-elf/3.4.6/../../../../nios2-elf/lib/libm.a(w_sqrt.o)
                              obj/game_loop.o (sqrt)
/cygdrive/c/altera/91/nios2eds/bin/nios2-gnutools/H-i686-pc-cygwin/bin/../lib/gcc/nios2-elf/3.4.6/../../../../nios2-elf/lib/libm.a(e_rem_pio2.o)
                              /cygdrive/c/altera/91/nios2eds/bin/nios2-gnutools/H-i686-pc-cygwin/bin/../lib/gcc/nios2-elf/3.4.6/../../../../nios2-elf/lib/libm.a(s_cos.o) (__ieee754_rem_pio2)
/cygdrive/c/altera/91/nios2eds/bin/nios2-gnutools/H-i686-pc-cygwin/bin/../lib/gcc/nios2-elf/3.4.6/../../../../nios2-elf/lib/libm.a(e_sqrt.o)
                              /cygdrive/c/altera/91/nios2eds/bin/nios2-gnutools/H-i686-pc-cygwin/bin/../lib/gcc/nios2-elf/3.4.6/../../../../nios2-elf/lib/libm.a(w_sqrt.o) (__ieee754_sqrt)
/cygdrive/c/altera/91/nios2eds/bin/nios2-gnutools/H-i686-pc-cygwin/bin/../lib/gcc/nios2-elf/3.4.6/../../../../nios2-elf/lib/libm.a(k_cos.o)
                              /cygdrive/c/altera/91/nios2eds/bin/nios2-gnutools/H-i686-pc-cygwin/bin/../lib/gcc/nios2-elf/3.4.6/../../../../nios2-elf/lib/libm.a(s_cos.o) (__kernel_cos)
/cygdrive/c/altera/91/nios2eds/bin/nios2-gnutools/H-i686-pc-cygwin/bin/../lib/gcc/nios2-elf/3.4.6/../../../../nios2-elf/lib/libm.a(k_rem_pio2.o)
                              /cygdrive/c/altera/91/nios2eds/bin/nios2-gnutools/H-i686-pc-cygwin/bin/../lib/gcc/nios2-elf/3.4.6/../../../../nios2-elf/lib/libm.a(e_rem_pio2.o) (__kernel_rem_pio2)
/cygdrive/c/altera/91/nios2eds/bin/nios2-gnutools/H-i686-pc-cygwin/bin/../lib/gcc/nios2-elf/3.4.6/../../../../nios2-elf/lib/libm.a(k_sin.o)
                              /cygdrive/c/altera/91/nios2eds/bin/nios2-gnutools/H-i686-pc-cygwin/bin/../lib/gcc/nios2-elf/3.4.6/../../../../nios2-elf/lib/libm.a(s_cos.o) (__kernel_sin)
/cygdrive/c/altera/91/nios2eds/bin/nios2-gnutools/H-i686-pc-cygwin/bin/../lib/gcc/nios2-elf/3.4.6/../../../../nios2-elf/lib/libm.a(s_fabs.o)
                              /cygdrive/c/altera/91/nios2eds/bin/nios2-gnutools/H-i686-pc-cygwin/bin/../lib/gcc/nios2-elf/3.4.6/../../../../nios2-elf/lib/libm.a(e_rem_pio2.o) (fabs)
/cygdrive/c/altera/91/nios2eds/bin/nios2-gnutools/H-i686-pc-cygwin/bin/../lib/gcc/nios2-elf/3.4.6/../../../../nios2-elf/lib/libm.a(s_floor.o)
                              /cygdrive/c/altera/91/nios2eds/bin/nios2-gnutools/H-i686-pc-cygwin/bin/../lib/gcc/nios2-elf/3.4.6/../../../../nios2-elf/lib/libm.a(k_rem_pio2.o) (floor)
/cygdrive/c/altera/91/nios2eds/bin/nios2-gnutools/H-i686-pc-cygwin/bin/../lib/gcc/nios2-elf/3.4.6/../../../../nios2-elf/lib/libm.a(s_isnan.o)
                              /cygdrive/c/altera/91/nios2eds/bin/nios2-gnutools/H-i686-pc-cygwin/bin/../lib/gcc/nios2-elf/3.4.6/../../../../nios2-elf/lib/libm.a(w_sqrt.o) (isnan)
/cygdrive/c/altera/91/nios2eds/bin/nios2-gnutools/H-i686-pc-cygwin/bin/../lib/gcc/nios2-elf/3.4.6/../../../../nios2-elf/lib/libm.a(s_lib_ver.o)
                              /cygdrive/c/altera/91/nios2eds/bin/nios2-gnutools/H-i686-pc-cygwin/bin/../lib/gcc/nios2-elf/3.4.6/../../../../nios2-elf/lib/libm.a(w_sqrt.o) (__fdlib_version)
/cygdrive/c/altera/91/nios2eds/bin/nios2-gnutools/H-i686-pc-cygwin/bin/../lib/gcc/nios2-elf/3.4.6/../../../../nios2-elf/lib/libm.a(s_matherr.o)
                              /cygdrive/c/altera/91/nios2eds/bin/nios2-gnutools/H-i686-pc-cygwin/bin/../lib/gcc/nios2-elf/3.4.6/../../../../nios2-elf/lib/libm.a(w_sqrt.o) (matherr)
/cygdrive/c/altera/91/nios2eds/bin/nios2-gnutools/H-i686-pc-cygwin/bin/../lib/gcc/nios2-elf/3.4.6/../../../../nios2-elf/lib/libm.a(s_scalbn.o)
                              /cygdrive/c/altera/91/nios2eds/bin/nios2-gnutools/H-i686-pc-cygwin/bin/../lib/gcc/nios2-elf/3.4.6/../../../../nios2-elf/lib/libm.a(k_rem_pio2.o) (scalbn)
/cygdrive/c/altera/91/nios2eds/bin/nios2-gnutools/H-i686-pc-cygwin/bin/../lib/gcc/nios2-elf/3.4.6/../../../../nios2-elf/lib/libm.a(s_copysign.o)
                              /cygdrive/c/altera/91/nios2eds/bin/nios2-gnutools/H-i686-pc-cygwin/bin/../lib/gcc/nios2-elf/3.4.6/../../../../nios2-elf/lib/libm.a(s_scalbn.o) (copysign)
/cygdrive/c/altera/91/nios2eds/bin/nios2-gnutools/H-i686-pc-cygwin/bin/../lib/gcc/nios2-elf/3.4.6/libgcc.a(_fixunssfsi.o)
                              obj/ethernet_isr.o (__fixunssfsi)
[...]
Memory Configuration

Name             Origin             Length             Attributes
reset            0x00800000         0x00000020
sram_0           0x00800020         0x007fffe0
*default*        0x00000000         0xffffffff

Linker script and memory map

LOAD ../controller_sw_bsp/obj/HAL/src/crt0.o
LOAD obj/collision_detection.o
LOAD obj/draw.o
LOAD obj/ethernet_isr.o
LOAD obj/game_loop.o
LOAD obj/main.o
LOAD obj/ship.o
LOAD obj/util.o
LOAD /cygdrive/c/altera/91/nios2eds/bin/nios2-gnutools/H-i686-pc-cygwin/bin/../lib/gcc/nios2-elf/3.4.6/../../../../nios2-elf/lib/libstdc++.a
LOAD /cygdrive/c/altera/91/nios2eds/bin/nios2-gnutools/H-i686-pc-cygwin/bin/../lib/gcc/nios2-elf/3.4.6/../../../../nios2-elf/lib/libm.a
LOAD /cygdrive/c/altera/91/nios2eds/bin/nios2-gnutools/H-i686-pc-cygwin/bin/../lib/gcc/nios2-elf/3.4.6/libgcc.a
START GROUP
LOAD /cygdrive/c/altera/91/nios2eds/bin/nios2-gnutools/H-i686-pc-cygwin/bin/../lib/gcc/nios2-elf/3.4.6/../../../../nios2-elf/lib/libc.a
LOAD /cygdrive/c/altera/91/nios2eds/bin/nios2-gnutools/H-i686-pc-cygwin/bin/../lib/gcc/nios2-elf/3.4.6/libgcc.a
LOAD ../controller_sw_bsp/libhal_bsp.a
END GROUP
LOAD /cygdrive/c/altera/91/nios2eds/bin/nios2-gnutools/H-i686-pc-cygwin/bin/../lib/gcc/nios2-elf/3.4.6/libgcc.a
                0x00800000                __alt_mem_sdram_0 = 0x800000
                0x01080000                __alt_mem_sram_0 = 0x1080000

.entry          0x00800000       0x20
 *(.entry)
 .entry         0x00800000       0x20 ../controller_sw_bsp/obj/HAL/src/crt0.o
                0x00800000                __reset

.exceptions     0x00800020      0x1a8
                0x00800020                PROVIDE (__ram_exceptions_start, <code 336> (.))
                0x00800020                . = ALIGN (0x20)
 *(.irq)
 *(.exceptions.entry.label)
 *(.exceptions.entry.user)
 *(.exceptions.entry)
 .exceptions.entry
                0x00800020       0x54 ../controller_sw_bsp/libhal_bsp.a(alt_exception_entry.o)
 *(.exceptions.irqtest.user)
 *(.exceptions.irqtest)
 .exceptions.irqtest
                0x00800074       0x10 ../controller_sw_bsp/libhal_bsp.a(alt_irq_entry.o)
 *(.exceptions.irqhandler.user)
 *(.exceptions.irqhandler)
 .exceptions.irqhandler
                0x00800084        0x4 ../controller_sw_bsp/libhal_bsp.a(alt_irq_entry.o)
 *(.exceptions.irqreturn.user)
 *(.exceptions.irqreturn)
 .exceptions.irqreturn
                0x00800088        0x4 ../controller_sw_bsp/libhal_bsp.a(alt_irq_entry.o)
 *(.exceptions.notirq.label)
 *(.exceptions.notirq.user)
 *(.exceptions.notirq)
 .exceptions.notirq
                0x0080008c        0x8 ../controller_sw_bsp/libhal_bsp.a(alt_exception_entry.o)
 *(.exceptions.soft.user)
 *(.exceptions.soft)
 *(.exceptions.unknown.user)
 *(.exceptions.unknown)
 .exceptions.unknown
                0x00800094        0x4 ../controller_sw_bsp/libhal_bsp.a(alt_exception_entry.o)
 *(.exceptions.exit.label)
 *(.exceptions.exit.user)
 *(.exceptions.exit)
 .exceptions.exit
                0x00800098       0x54 ../controller_sw_bsp/libhal_bsp.a(alt_exception_entry.o)
 *(.exceptions)
 .exceptions    0x008000ec       0xdc ../controller_sw_bsp/libhal_bsp.a(alt_irq_handler.o)
                0x008000ec                alt_irq_handler
                0x008001c8                PROVIDE (__ram_exceptions_end, <code 336> (.))
                0x00800020                PROVIDE (__flash_exceptions_start, LOADADDR (.exceptions))

.text           0x008001c8    0x19320
                0x008001c8                PROVIDE (stext, <code 336> (.))
 *(.interp)
 *(.hash)
 *(.dynsym)
 *(.dynstr)
 *(.gnu.version)
 *(.gnu.version_d)
 *(.gnu.version_r)
 *(.rel.init)
 *(.rela.init)
 *(.rel.text .rel.text.* .rel.gnu.linkonce.t.*)
 *(.rela.text .rela.text.* .rela.gnu.linkonce.t.*)
 *(.rel.fini)
 *(.rela.fini)
 *(.rel.rodata .rel.rodata.* .rel.gnu.linkonce.r.*)
 *(.rela.rodata .rela.rodata.* .rela.gnu.linkonce.r.*)
 *(.rel.data .rel.data.* .rel.gnu.linkonce.d.*)
 *(.rela.data .rela.data.* .rela.gnu.linkonce.d.*)
 *(.rel.tdata .rel.tdata.* .rel.gnu.linkonce.td.*)
 *(.rela.tdata .rela.tdata.* .rela.gnu.linkonce.td.*)
 *(.rel.tbss .rel.tbss.* .rel.gnu.linkonce.tb.*)
 *(.rela.tbss .rela.tbss.* .rela.gnu.linkonce.tb.*)
 *(.rel.ctors)
 *(.rela.ctors)
 *(.rel.dtors)
 *(.rela.dtors)
 *(.rel.got)
 *(.rela.got)
 *(.rel.sdata .rel.sdata.* .rel.gnu.linkonce.s.*)
 *(.rela.sdata .rela.sdata.* .rela.gnu.linkonce.s.*)
 *(.rel.sbss .rel.sbss.* .rel.gnu.linkonce.sb.*)
 *(.rela.sbss .rela.sbss.* .rela.gnu.linkonce.sb.*)
 *(.rel.sdata2 .rel.sdata2.* .rel.gnu.linkonce.s2.*)
 *(.rela.sdata2 .rela.sdata2.* .rela.gnu.linkonce.s2.*)
 *(.rel.sbss2 .rel.sbss2.* .rel.gnu.linkonce.sb2.*)
 *(.rela.sbss2 .rela.sbss2.* .rela.gnu.linkonce.sb2.*)
 *(.rel.bss .rel.bss.* .rel.gnu.linkonce.b.*)
 *(.rela.bss .rela.bss.* .rela.gnu.linkonce.b.*)
 *(.rel.plt)
 *(.rela.plt)
 *(.init)
 *(.plt)
 *(.text .stub .text.* .gnu.linkonce.t.*)
 .text          0x008001c8       0x48 ../controller_sw_bsp/obj/HAL/src/crt0.o
                0x008001c8                _start
 .text          0x00800210     0x1648 obj/collision_detection.o
                0x00800f30                calculate_axis_of_ship
                0x008002e0                check_wall_collide_ew
                0x00800404                ships_seperating_axis_theorem_collision_detect
                0x008003a8                check_ships_collide
                0x0080179c                is_ccw_abc
                0x00801018                straight_line_vector_projection
                0x00800210                check_wall_collide_ns
 .text          0x00801858     0x1e34 obj/draw.o
                0x00802038                rotate_a_matrix
                0x00802214                copy_matrix_and_round
                0x00802408                free_matrix
                0x008029c8                draw_letter
                0x008026d8                draw_sensor
                0x00802384                allocate_matrix
                0x0080293c                draw_string
                0x00801f80                translate_a_matrix
                0x008027a0                clean_shot
                0x00801ed8                init_draw
                0x00802614                clean_sensor
                0x00801858                draw_ship
                0x00802474                matrix_mult
                0x00801bac                clean_ship
                0x00803508                draw_font
                0x008022d4                copy_matrix
                0x00802864                draw_shot
 .text          0x0080368c      0xa60 obj/ethernet_isr.o
                0x0080370c                get_player_info
                0x00803d14                update_packets_to_send_back
                0x00803cd8                disable_packet_interrupt
                0x0080368c                timer_packet_interrupt_isr
                0x00803c7c                init_packet_interrupt_isr
 .text          0x008040ec      0xe64 obj/game_loop.o
                0x008040ec                game_loop
                0x00804f04                get_opponent_ship
 .text          0x00804f50      0x74c obj/main.o
                0x00804f50                main
 .text          0x0080569c     0x2324 obj/ship.o
                0x00805ef8                initialize_power_crystals
                0x00805db8                degrade_crystals_based_on_shot
                0x0080745c                set_power_link
                0x0080693c                power_calculation
                0x00805bc8                re_init_ship
                0x00806e9c                lookup_power_link
                0x0080569c                init_ship
                0x00805aac                reset_ship
 .text          0x008079c0       0x5c obj/util.o
                0x008079c0                number_to_character_string
 .text          0x00807a1c      0x170 /cygdrive/c/altera/91/nios2eds/bin/nios2-gnutools/H-i686-pc-cygwin/bin/../lib/gcc/nios2-elf/3.4.6/../../../../nios2-elf/lib/libm.a(s_cos.o)
                0x00807a1c                cos
 .text          0x00807b8c      0x170 /cygdrive/c/altera/91/nios2eds/bin/nios2-gnutools/H-i686-pc-cygwin/bin/../lib/gcc/nios2-elf/3.4.6/../../../../nios2-elf/lib/libm.a(s_sin.o)
                0x00807b8c                sin
 .text          0x00807cfc       0xa8 /cygdrive/c/altera/91/nios2eds/bin/nios2-gnutools/H-i686-pc-cygwin/bin/../lib/gcc/nios2-elf/3.4.6/../../../../nios2-elf/lib/libm.a(sf_round.o)
                0x00807cfc                roundf
 .text          0x00807da4      0x13c /cygdrive/c/altera/91/nios2eds/bin/nios2-gnutools/H-i686-pc-cygwin/bin/../lib/gcc/nios2-elf/3.4.6/../../../../nios2-elf/lib/libm.a(w_sqrt.o)
                0x00807da4                sqrt
 .text          0x00807ee0      0x83c /cygdrive/c/altera/91/nios2eds/bin/nios2-gnutools/H-i686-pc-cygwin/bin/../lib/gcc/nios2-elf/3.4.6/../../../../nios2-elf/lib/libm.a(e_rem_pio2.o)
                0x00807ee0                __ieee754_rem_pio2
 .text          0x0080871c      0x31c /cygdrive/c/altera/91/nios2eds/bin/nios2-gnutools/H-i686-pc-cygwin/bin/../lib/gcc/nios2-elf/3.4.6/../../../../nios2-elf/lib/libm.a(e_sqrt.o)
                0x0080871c                __ieee754_sqrt
 .text          0x00808a38      0x3e0 /cygdrive/c/altera/91/nios2eds/bin/nios2-gnutools/H-i686-pc-cygwin/bin/../lib/gcc/nios2-elf/3.4.6/../../../../nios2-elf/lib/libm.a(k_cos.o)
                0x00808a38                __kernel_cos
 .text          0x00808e18      0xdf0 /cygdrive/c/altera/91/nios2eds/bin/nios2-gnutools/H-i686-pc-cygwin/bin/../lib/gcc/nios2-elf/3.4.6/../../../../nios2-elf/lib/libm.a(k_rem_pio2.o)
                0x00808e18                __kernel_rem_pio2
 .text          0x00809c08      0x320 /cygdrive/c/altera/91/nios2eds/bin/nios2-gnutools/H-i686-pc-cygwin/bin/../lib/gcc/nios2-elf/3.4.6/../../../../nios2-elf/lib/libm.a(k_sin.o)
                0x00809c08                __kernel_sin
 .text          0x00809f28       0x18 /cygdrive/c/altera/91/nios2eds/bin/nios2-gnutools/H-i686-pc-cygwin/bin/../lib/gcc/nios2-elf/3.4.6/../../../../nios2-elf/lib/libm.a(s_fabs.o)
                0x00809f28                fabs
 .text          0x00809f40      0x210 /cygdrive/c/altera/91/nios2eds/bin/nios2-gnutools/H-i686-pc-cygwin/bin/../lib/gcc/nios2-elf/3.4.6/../../../../nios2-elf/lib/libm.a(s_floor.o)
                0x00809f40                floor
 .text          0x0080a150       0x34 /cygdrive/c/altera/91/nios2eds/bin/nios2-gnutools/H-i686-pc-cygwin/bin/../lib/gcc/nios2-elf/3.4.6/../../../../nios2-elf/lib/libm.a(s_isnan.o)
                0x0080a150                isnan
 .text          0x0080a184        0x8 /cygdrive/c/altera/91/nios2eds/bin/nios2-gnutools/H-i686-pc-cygwin/bin/../lib/gcc/nios2-elf/3.4.6/../../../../nios2-elf/lib/libm.a(s_matherr.o)
                0x0080a184                matherr
 .text          0x0080a18c      0x1e8 /cygdrive/c/altera/91/nios2eds/bin/nios2-gnutools/H-i686-pc-cygwin/bin/../lib/gcc/nios2-elf/3.4.6/../../../../nios2-elf/lib/libm.a(s_scalbn.o)
                0x0080a18c                scalbn
 .text          0x0080a374       0x24 /cygdrive/c/altera/91/nios2eds/bin/nios2-gnutools/H-i686-pc-cygwin/bin/../lib/gcc/nios2-elf/3.4.6/../../../../nios2-elf/lib/libm.a(s_copysign.o)
                0x0080a374                copysign
 .text          0x0080a398       0x6c /cygdrive/c/altera/91/nios2eds/bin/nios2-gnutools/H-i686-pc-cygwin/bin/../lib/gcc/nios2-elf/3.4.6/libgcc.a(_fixunssfsi.o)
                0x0080a398                __fixunssfsi
 .text          0x0080a404      0x294 /cygdrive/c/altera/91/nios2eds/bin/nios2-gnutools/H-i686-pc-cygwin/bin/../lib/gcc/nios2-elf/3.4.6/libgcc.a(_addsub_sf.o)
                0x0080a634                __subsf3
                0x0080a5dc                __addsf3
 .text          0x0080a698      0x1c4 /cygdrive/c/altera/91/nios2eds/bin/nios2-gnutools/H-i686-pc-cygwin/bin/../lib/gcc/nios2-elf/3.4.6/libgcc.a(_mul_sf.o)
                0x0080a698                __mulsf3
 .text          0x0080a85c      0x138 /cygdrive/c/altera/91/nios2eds/bin/nios2-gnutools/H-i686-pc-cygwin/bin/../lib/gcc/nios2-elf/3.4.6/libgcc.a(_div_sf.o)
                0x0080a85c                __divsf3
 .text          0x0080a994       0x80 /cygdrive/c/altera/91/nios2eds/bin/nios2-gnutools/H-i686-pc-cygwin/bin/../lib/gcc/nios2-elf/3.4.6/libgcc.a(_eq_sf.o)
                0x0080a994                __eqsf2
 .text          0x0080aa14       0x80 /cygdrive/c/altera/91/nios2eds/bin/nios2-gnutools/H-i686-pc-cygwin/bin/../lib/gcc/nios2-elf/3.4.6/libgcc.a(_ne_sf.o)
                0x0080aa14                __nesf2
 .text          0x0080aa94       0x80 /cygdrive/c/altera/91/nios2eds/bin/nios2-gnutools/H-i686-pc-cygwin/bin/../lib/gcc/nios2-elf/3.4.6/libgcc.a(_gt_sf.o)
                0x0080aa94                __gtsf2
 .text          0x0080ab14       0x80 /cygdrive/c/altera/91/nios2eds/bin/nios2-gnutools/H-i686-pc-cygwin/bin/../lib/gcc/nios2-elf/3.4.6/libgcc.a(_ge_sf.o)
                0x0080ab14                __gesf2
 .text          0x0080ab94       0x80 /cygdrive/c/altera/91/nios2eds/bin/nios2-gnutools/H-i686-pc-cygwin/bin/../lib/gcc/nios2-elf/3.4.6/libgcc.a(_lt_sf.o)
                0x0080ab94                __ltsf2
 .text          0x0080ac14       0x80 /cygdrive/c/altera/91/nios2eds/bin/nios2-gnutools/H-i686-pc-cygwin/bin/../lib/gcc/nios2-elf/3.4.6/libgcc.a(_le_sf.o)
                0x0080ac14                __lesf2
 .text          0x0080ac94       0x98 /cygdrive/c/altera/91/nios2eds/bin/nios2-gnutools/H-i686-pc-cygwin/bin/../lib/gcc/nios2-elf/3.4.6/libgcc.a(_si_to_sf.o)
                0x0080ac94                __floatsisf
 .text          0x0080ad2c       0x94 /cygdrive/c/altera/91/nios2eds/bin/nios2-gnutools/H-i686-pc-cygwin/bin/../lib/gcc/nios2-elf/3.4.6/libgcc.a(_sf_to_si.o)
                0x0080ad2c                __fixsfsi
 .text          0x0080adc0       0x5c /cygdrive/c/altera/91/nios2eds/bin/nios2-gnutools/H-i686-pc-cygwin/bin/../lib/gcc/nios2-elf/3.4.6/libgcc.a(_sf_to_df.o)
                0x0080adc0                __extendsfdf2
 .text          0x0080ae1c      0x400 /cygdrive/c/altera/91/nios2eds/bin/nios2-gnutools/H-i686-pc-cygwin/bin/../lib/gcc/nios2-elf/3.4.6/libgcc.a(_addsub_df.o)
                0x0080b138                __adddf3
                0x0080b1a4                __subdf3
 .text          0x0080b21c      0x400 /cygdrive/c/altera/91/nios2eds/bin/nios2-gnutools/H-i686-pc-cygwin/bin/../lib/gcc/nios2-elf/3.4.6/libgcc.a(_mul_df.o)
                0x0080b21c                __muldf3
 .text          0x0080b61c      0x250 /cygdrive/c/altera/91/nios2eds/bin/nios2-gnutools/H-i686-pc-cygwin/bin/../lib/gcc/nios2-elf/3.4.6/libgcc.a(_div_df.o)
                0x0080b61c                __divdf3
 .text          0x0080b86c       0x8c /cygdrive/c/altera/91/nios2eds/bin/nios2-gnutools/H-i686-pc-cygwin/bin/../lib/gcc/nios2-elf/3.4.6/libgcc.a(_eq_df.o)
                0x0080b86c                __eqdf2
 .text          0x0080b8f8       0x8c /cygdrive/c/altera/91/nios2eds/bin/nios2-gnutools/H-i686-pc-cygwin/bin/../lib/gcc/nios2-elf/3.4.6/libgcc.a(_ne_df.o)
                0x0080b8f8                __nedf2
 .text          0x0080b984       0x8c /cygdrive/c/altera/91/nios2eds/bin/nios2-gnutools/H-i686-pc-cygwin/bin/../lib/gcc/nios2-elf/3.4.6/libgcc.a(_gt_df.o)
                0x0080b984                __gtdf2
 .text          0x0080ba10       0x8c /cygdrive/c/altera/91/nios2eds/bin/nios2-gnutools/H-i686-pc-cygwin/bin/../lib/gcc/nios2-elf/3.4.6/libgcc.a(_ge_df.o)
                0x0080ba10                __gedf2
 .text          0x0080ba9c       0x8c /cygdrive/c/altera/91/nios2eds/bin/nios2-gnutools/H-i686-pc-cygwin/bin/../lib/gcc/nios2-elf/3.4.6/libgcc.a(_lt_df.o)
                0x0080ba9c                __ltdf2
 .text          0x0080bb28       0xd0 /cygdrive/c/altera/91/nios2eds/bin/nios2-gnutools/H-i686-pc-cygwin/bin/../lib/gcc/nios2-elf/3.4.6/libgcc.a(_si_to_df.o)
                0x0080bb28                __floatsidf
 .text          0x0080bbf8       0xb0 /cygdrive/c/altera/91/nios2eds/bin/nios2-gnutools/H-i686-pc-cygwin/bin/../lib/gcc/nios2-elf/3.4.6/libgcc.a(_df_to_si.o)
                0x0080bbf8                __fixdfsi
 .text          0x0080bca8       0x40 /cygdrive/c/altera/91/nios2eds/bin/nios2-gnutools/H-i686-pc-cygwin/bin/../lib/gcc/nios2-elf/3.4.6/libgcc.a(_make_df.o)
                0x0080bca8                __make_dp
 .text          0x0080bce8       0x70 /cygdrive/c/altera/91/nios2eds/bin/nios2-gnutools/H-i686-pc-cygwin/bin/../lib/gcc/nios2-elf/3.4.6/libgcc.a(_df_to_sf.o)
                0x0080bce8                __truncdfsf2
 .text          0x0080bd58      0x11c /cygdrive/c/altera/91/nios2eds/bin/nios2-gnutools/H-i686-pc-cygwin/bin/../lib/gcc/nios2-elf/3.4.6/libgcc.a(lib2-divmod.o)
                0x0080be54                __udivsi3
                0x0080be64                __umodsi3
                0x0080bdb8                __divsi3
                0x0080be08                __modsi3
 .text          0x0080be74       0x90 /cygdrive/c/altera/91/nios2eds/bin/nios2-gnutools/H-i686-pc-cygwin/bin/../lib/gcc/nios2-elf/3.4.6/libgcc.a(_muldi3.o)
                0x0080be74                __muldi3
 .text          0x0080bf04       0x20 /cygdrive/c/altera/91/nios2eds/bin/nios2-gnutools/H-i686-pc-cygwin/bin/../lib/gcc/nios2-elf/3.4.6/libgcc.a(_negdi2.o)
                0x0080bf04                __negdi2
 .text          0x0080bf24       0x50 /cygdrive/c/altera/91/nios2eds/bin/nios2-gnutools/H-i686-pc-cygwin/bin/../lib/gcc/nios2-elf/3.4.6/libgcc.a(_lshrdi3.o)
                0x0080bf24                __lshrdi3
 .text          0x0080bf74      0x134 /cygdrive/c/altera/91/nios2eds/bin/nios2-gnutools/H-i686-pc-cygwin/bin/../lib/gcc/nios2-elf/3.4.6/libgcc.a(_pack_sf.o)
                0x0080bf74                __pack_f
 .text          0x0080c0a8       0xb4 /cygdrive/c/altera/91/nios2eds/bin/nios2-gnutools/H-i686-pc-cygwin/bin/../lib/gcc/nios2-elf/3.4.6/libgcc.a(_unpack_sf.o)
                0x0080c0a8                __unpack_f
 .text          0x0080c15c       0xf4 /cygdrive/c/altera/91/nios2eds/bin/nios2-gnutools/H-i686-pc-cygwin/bin/../lib/gcc/nios2-elf/3.4.6/libgcc.a(_fpcmp_parts_sf.o)
                0x0080c15c                __fpcmp_parts_f
 .text          0x0080c250       0x2c /cygdrive/c/altera/91/nios2eds/bin/nios2-gnutools/H-i686-pc-cygwin/bin/../lib/gcc/nios2-elf/3.4.6/libgcc.a(_make_sf.o)
                0x0080c250                __make_fp
 .text          0x0080c27c      0x290 /cygdrive/c/altera/91/nios2eds/bin/nios2-gnutools/H-i686-pc-cygwin/bin/../lib/gcc/nios2-elf/3.4.6/libgcc.a(_pack_df.o)
                0x0080c27c                __pack_d
 .text          0x0080c50c      0x128 /cygdrive/c/altera/91/nios2eds/bin/nios2-gnutools/H-i686-pc-cygwin/bin/../lib/gcc/nios2-elf/3.4.6/libgcc.a(_unpack_df.o)
                0x0080c50c                __unpack_d
 .text          0x0080c634      0x114 /cygdrive/c/altera/91/nios2eds/bin/nios2-gnutools/H-i686-pc-cygwin/bin/../lib/gcc/nios2-elf/3.4.6/libgcc.a(_fpcmp_parts_df.o)
                0x0080c634                __fpcmp_parts_d
 .text          0x0080c748       0x50 /cygdrive/c/altera/91/nios2eds/bin/nios2-gnutools/H-i686-pc-cygwin/bin/../lib/gcc/nios2-elf/3.4.6/libgcc.a(_ashldi3.o)
                0x0080c748                __ashldi3
 .text          0x0080c798       0x1c /cygdrive/c/altera/91/nios2eds/bin/nios2-gnutools/H-i686-pc-cygwin/bin/../lib/gcc/nios2-elf/3.4.6/../../../../nios2-elf/lib/libc.a(calloc.o)
                0x0080c798                calloc
 .text          0x0080c7b4       0xb0 /cygdrive/c/altera/91/nios2eds/bin/nios2-gnutools/H-i686-pc-cygwin/bin/../lib/gcc/nios2-elf/3.4.6/../../../../nios2-elf/lib/libc.a(callocr.o)
                0x0080c7b4                _calloc_r
 .text          0x0080c864        0x8 /cygdrive/c/altera/91/nios2eds/bin/nios2-gnutools/H-i686-pc-cygwin/bin/../lib/gcc/nios2-elf/3.4.6/../../../../nios2-elf/lib/libc.a(errno.o)
                0x0080c864                __errno
 .text          0x0080c86c      0x10c /cygdrive/c/altera/91/nios2eds/bin/nios2-gnutools/H-i686-pc-cygwin/bin/../lib/gcc/nios2-elf/3.4.6/../../../../nios2-elf/lib/libc.a(fopen.o)
                0x0080c95c                fopen
                0x0080c86c                _fopen_r
 .text          0x0080c978       0x24 /cygdrive/c/altera/91/nios2eds/bin/nios2-gnutools/H-i686-pc-cygwin/bin/../lib/gcc/nios2-elf/3.4.6/../../../../nios2-elf/lib/libc.a(fprintf.o)
                0x0080c978                fprintf
 .text          0x0080c99c      0x438 /cygdrive/c/altera/91/nios2eds/bin/nios2-gnutools/H-i686-pc-cygwin/bin/../lib/gcc/nios2-elf/3.4.6/../../../../nios2-elf/lib/libc.a(fseek.o)
                0x0080cdb0                fseek
                0x0080c99c                _fseek_r
 .text          0x0080cdd4       0x60 /cygdrive/c/altera/91/nios2eds/bin/nios2-gnutools/H-i686-pc-cygwin/bin/../lib/gcc/nios2-elf/3.4.6/../../../../nios2-elf/lib/libc.a(fstatr.o)
                0x0080cdd4                _fstat_r
 .text          0x0080ce34      0x148 /cygdrive/c/altera/91/nios2eds/bin/nios2-gnutools/H-i686-pc-cygwin/bin/../lib/gcc/nios2-elf/3.4.6/../../../../nios2-elf/lib/libc.a(makebuf.o)
                0x0080ce34                __smakebuf
 .text          0x0080cf7c       0x28 /cygdrive/c/altera/91/nios2eds/bin/nios2-gnutools/H-i686-pc-cygwin/bin/../lib/gcc/nios2-elf/3.4.6/../../../../nios2-elf/lib/libc.a(malloc.o)
                0x0080cf7c                malloc
                0x0080cf90                free
 .text          0x0080cfa4      0x6b8 /cygdrive/c/altera/91/nios2eds/bin/nios2-gnutools/H-i686-pc-cygwin/bin/../lib/gcc/nios2-elf/3.4.6/../../../../nios2-elf/lib/libc.a(mallocr.o)
                0x0080cfa4                _malloc_r
 .text          0x0080d65c       0xbc /cygdrive/c/altera/91/nios2eds/bin/nios2-gnutools/H-i686-pc-cygwin/bin/../lib/gcc/nios2-elf/3.4.6/../../../../nios2-elf/lib/libc.a(memcpy.o)
                0x0080d65c                memcpy
 .text          0x0080d718       0x9c /cygdrive/c/altera/91/nios2eds/bin/nios2-gnutools/H-i686-pc-cygwin/bin/../lib/gcc/nios2-elf/3.4.6/../../../../nios2-elf/lib/libc.a(memset.o)
                0x0080d718                memset
 .text          0x0080d7b4       0x64 /cygdrive/c/altera/91/nios2eds/bin/nios2-gnutools/H-i686-pc-cygwin/bin/../lib/gcc/nios2-elf/3.4.6/../../../../nios2-elf/lib/libc.a(openr.o)
                0x0080d7b4                _open_r
 .text          0x0080d818       0x84 /cygdrive/c/altera/91/nios2eds/bin/nios2-gnutools/H-i686-pc-cygwin/bin/../lib/gcc/nios2-elf/3.4.6/../../../../nios2-elf/lib/libc.a(rand.o)
                0x0080d82c                rand
                0x0080d818                srand
 .text          0x0080d89c      0x1ac /cygdrive/c/altera/91/nios2eds/bin/nios2-gnutools/H-i686-pc-cygwin/bin/../lib/gcc/nios2-elf/3.4.6/../../../../nios2-elf/lib/libc.a(refill.o)
                0x0080d8c0                __srefill
 .text          0x0080da48       0x4c /cygdrive/c/altera/91/nios2eds/bin/nios2-gnutools/H-i686-pc-cygwin/bin/../lib/gcc/nios2-elf/3.4.6/../../../../nios2-elf/lib/libc.a(sbrkr.o)
                0x0080da48                _sbrk_r
 .text          0x0080da94       0xbc /cygdrive/c/altera/91/nios2eds/bin/nios2-gnutools/H-i686-pc-cygwin/bin/../lib/gcc/nios2-elf/3.4.6/../../../../nios2-elf/lib/libc.a(sprintf.o)
                0x0080da94                _sprintf_r
                0x0080daec                sprintf
 .text          0x0080db50      0x17c /cygdrive/c/altera/91/nios2eds/bin/nios2-gnutools/H-i686-pc-cygwin/bin/../lib/gcc/nios2-elf/3.4.6/../../../../nios2-elf/lib/libc.a(stdio.o)
                0x0080dc40                __sseek
                0x0080db50                __sread
                0x0080dcb8                __sclose
                0x0080dbc0                __swrite
 .text          0x0080dccc       0x5c /cygdrive/c/altera/91/nios2eds/bin/nios2-gnutools/H-i686-pc-cygwin/bin/../lib/gcc/nios2-elf/3.4.6/../../../../nios2-elf/lib/libc.a(strlen.o)
                0x0080dccc                strlen
 .text          0x0080dd28     0x1d28 /cygdrive/c/altera/91/nios2eds/bin/nios2-gnutools/H-i686-pc-cygwin/bin/../lib/gcc/nios2-elf/3.4.6/../../../../nios2-elf/lib/libc.a(vfprintf1.o)
                0x0080dd80                ___vfprintf_internal_r
                0x0080f9e4                __vfprintf_internal
 .text          0x0080fa50       0x88 /cygdrive/c/altera/91/nios2eds/bin/nios2-gnutools/H-i686-pc-cygwin/bin/../lib/gcc/nios2-elf/3.4.6/../../../../nios2-elf/lib/libc.a(wcrtomb.o)
                0x0080fa50                _wcrtomb_r
                0x0080fab4                wcrtomb
 .text          0x0080fad8      0x17c /cygdrive/c/altera/91/nios2eds/bin/nios2-gnutools/H-i686-pc-cygwin/bin/../lib/gcc/nios2-elf/3.4.6/../../../../nios2-elf/lib/libc.a(wcsrtombs.o)
                0x0080fad8                _wcsrtombs_r
                0x0080fc18                wcsrtombs
 .text          0x0080fc54      0x454 /cygdrive/c/altera/91/nios2eds/bin/nios2-gnutools/H-i686-pc-cygwin/bin/../lib/gcc/nios2-elf/3.4.6/../../../../nios2-elf/lib/libc.a(wctomb_r.o)
                0x0080fc54                _wctomb_r
 .text          0x008100a8       0x64 /cygdrive/c/altera/91/nios2eds/bin/nios2-gnutools/H-i686-pc-cygwin/bin/../lib/gcc/nios2-elf/3.4.6/../../../../nios2-elf/lib/libc.a(writer.o)
                0x008100a8                _write_r
 .text          0x0081010c      0x10c /cygdrive/c/altera/91/nios2eds/bin/nios2-gnutools/H-i686-pc-cygwin/bin/../lib/gcc/nios2-elf/3.4.6/../../../../nios2-elf/lib/libc.a(wsetup.o)
                0x0081010c                __swsetup
 .text          0x00810218       0x5c /cygdrive/c/altera/91/nios2eds/bin/nios2-gnutools/H-i686-pc-cygwin/bin/../lib/gcc/nios2-elf/3.4.6/../../../../nios2-elf/lib/libc.a(closer.o)
                0x00810218                _close_r
 .text          0x00810274     0x15e8 /cygdrive/c/altera/91/nios2eds/bin/nios2-gnutools/H-i686-pc-cygwin/bin/../lib/gcc/nios2-elf/3.4.6/../../../../nios2-elf/lib/libc.a(dtoa.o)
                0x00810470                _dtoa_r
 .text          0x0081185c       0xe8 /cygdrive/c/altera/91/nios2eds/bin/nios2-gnutools/H-i686-pc-cygwin/bin/../lib/gcc/nios2-elf/3.4.6/../../../../nios2-elf/lib/libc.a(fflush.o)
                0x0081185c                fflush
 .text          0x00811944      0x118 /cygdrive/c/altera/91/nios2eds/bin/nios2-gnutools/H-i686-pc-cygwin/bin/../lib/gcc/nios2-elf/3.4.6/../../../../nios2-elf/lib/libc.a(findfp.o)
                0x008119c0                __sinit
                0x008119b0                _cleanup
                0x0081199c                _cleanup_r
 .text          0x00811a5c      0x14c /cygdrive/c/altera/91/nios2eds/bin/nios2-gnutools/H-i686-pc-cygwin/bin/../lib/gcc/nios2-elf/3.4.6/../../../../nios2-elf/lib/libc.a(findfp1.o)
                0x00811a5c                __sfmoreglue
                0x00811ac8                __sfp
 .text          0x00811ba8       0xa8 /cygdrive/c/altera/91/nios2eds/bin/nios2-gnutools/H-i686-pc-cygwin/bin/../lib/gcc/nios2-elf/3.4.6/../../../../nios2-elf/lib/libc.a(flags.o)
                0x00811ba8                __sflags
 .text          0x00811c50      0x3dc /cygdrive/c/altera/91/nios2eds/bin/nios2-gnutools/H-i686-pc-cygwin/bin/../lib/gcc/nios2-elf/3.4.6/../../../../nios2-elf/lib/libc.a(freer.o)
                0x00811d74                _free_r
                0x00811c50                _malloc_trim_r
 .text          0x0081202c      0x384 /cygdrive/c/altera/91/nios2eds/bin/nios2-gnutools/H-i686-pc-cygwin/bin/../lib/gcc/nios2-elf/3.4.6/../../../../nios2-elf/lib/libc.a(fvwrite.o)
                0x0081202c                __sfvwrite
 .text          0x008123b0       0xd4 /cygdrive/c/altera/91/nios2eds/bin/nios2-gnutools/H-i686-pc-cygwin/bin/../lib/gcc/nios2-elf/3.4.6/../../../../nios2-elf/lib/libc.a(fwalk.o)
                0x008123b0                _fwalk
 .text          0x00812484       0xc8 /cygdrive/c/altera/91/nios2eds/bin/nios2-gnutools/H-i686-pc-cygwin/bin/../lib/gcc/nios2-elf/3.4.6/../../../../nios2-elf/lib/libc.a(locale.o)
                0x00812484                _setlocale_r
                0x0081250c                __locale_charset
                0x00812514                _localeconv_r
                0x00812520                setlocale
                0x0081253c                localeconv
 .text          0x0081254c       0x64 /cygdrive/c/altera/91/nios2eds/bin/nios2-gnutools/H-i686-pc-cygwin/bin/../lib/gcc/nios2-elf/3.4.6/../../../../nios2-elf/lib/libc.a(lseekr.o)
                0x0081254c                _lseek_r
 .text          0x008125b0       0xcc /cygdrive/c/altera/91/nios2eds/bin/nios2-gnutools/H-i686-pc-cygwin/bin/../lib/gcc/nios2-elf/3.4.6/../../../../nios2-elf/lib/libc.a(memchr.o)
                0x008125b0                memchr
 .text          0x0081267c      0x108 /cygdrive/c/altera/91/nios2eds/bin/nios2-gnutools/H-i686-pc-cygwin/bin/../lib/gcc/nios2-elf/3.4.6/../../../../nios2-elf/lib/libc.a(memmove.o)
                0x0081267c                memmove
 .text          0x00812784      0xec0 /cygdrive/c/altera/91/nios2eds/bin/nios2-gnutools/H-i686-pc-cygwin/bin/../lib/gcc/nios2-elf/3.4.6/../../../../nios2-elf/lib/libc.a(mprec.o)
                0x00813594                _mprec_log10
                0x00812a4c                _hi0bits
                0x00812784                _Balloc
                0x0081336c                _d2b
                0x00812ba0                _multiply
                0x008134e8                _ratio
                0x00812950                _s2b
                0x00812b64                _i2b
                0x00812ab0                _lo0bits
                0x00812fd8                __mcmp
                0x00812d74                _pow5mult
                0x008131c0                _ulp
                0x00813248                _b2d
                0x00812858                _multadd
                0x0081303c                __mdiff
                0x00812ea0                _lshift
                0x00812834                _Bfree
 .text          0x00813644       0x64 /cygdrive/c/altera/91/nios2eds/bin/nios2-gnutools/H-i686-pc-cygwin/bin/../lib/gcc/nios2-elf/3.4.6/../../../../nios2-elf/lib/libc.a(readr.o)
                0x00813644                _read_r
 .text          0x008136a8      0x550 /cygdrive/c/altera/91/nios2eds/bin/nios2-gnutools/H-i686-pc-cygwin/bin/../lib/gcc/nios2-elf/3.4.6/../../../../nios2-elf/lib/libc.a(reallocr.o)
                0x008136a8                _realloc_r
 .text          0x00813bf8       0x44 /cygdrive/c/altera/91/nios2eds/bin/nios2-gnutools/H-i686-pc-cygwin/bin/../lib/gcc/nios2-elf/3.4.6/../../../../nios2-elf/lib/libc.a(s_isinf.o)
                0x00813bf8                isinf
 .text          0x00813c3c       0xb8 /cygdrive/c/altera/91/nios2eds/bin/nios2-gnutools/H-i686-pc-cygwin/bin/../lib/gcc/nios2-elf/3.4.6/../../../../nios2-elf/lib/libc.a(strcmp.o)
                0x00813c3c                strcmp
 .text          0x00813cf4      0x560 /cygdrive/c/altera/91/nios2eds/bin/nios2-gnutools/H-i686-pc-cygwin/bin/../lib/gcc/nios2-elf/3.4.6/libgcc.a(_udivdi3.o)
                0x00813cf4                __udivdi3
 .text          0x00814254      0x51c /cygdrive/c/altera/91/nios2eds/bin/nios2-gnutools/H-i686-pc-cygwin/bin/../lib/gcc/nios2-elf/3.4.6/libgcc.a(_umoddi3.o)
                0x00814254                __umoddi3
 .text          0x00814770      0x144 ../controller_sw_bsp/libhal_bsp.a(alt_close.o)
                0x00814770                close
 .text          0x008148b4       0x28 ../controller_sw_bsp/libhal_bsp.a(alt_dev.o)
 .text          0x008148dc      0x11c ../controller_sw_bsp/libhal_bsp.a(alt_fstat.o)
                0x008148dc                fstat
 .text          0x008149f8      0x1a4 ../controller_sw_bsp/libhal_bsp.a(alt_irq_register.o)
                0x008149f8                alt_irq_register
 .text          0x00814b9c      0x108 ../controller_sw_bsp/libhal_bsp.a(alt_isatty.o)
                0x00814b9c                isatty
 .text          0x00814ca4      0x138 ../controller_sw_bsp/libhal_bsp.a(alt_lseek.o)
                0x00814ca4                lseek
 .text          0x00814ddc       0x70 ../controller_sw_bsp/libhal_bsp.a(alt_main.o)
                0x00814ddc                alt_main
 .text          0x00814e4c       0x38 ../controller_sw_bsp/libhal_bsp.a(alt_malloc_lock.o)
                0x00814e68                __malloc_unlock
                0x00814e4c                __malloc_lock
 .text          0x00814e84      0x290 ../controller_sw_bsp/libhal_bsp.a(alt_open.o)
                0x00814f4c                open
 .text          0x00815114      0x234 ../controller_sw_bsp/libhal_bsp.a(alt_printf.o)
                0x00815114                alt_printf
 .text          0x00815348       0x34 ../controller_sw_bsp/libhal_bsp.a(alt_putchar.o)
                0x00815348                alt_putchar
 .text          0x0081537c      0x168 ../controller_sw_bsp/libhal_bsp.a(alt_read.o)
                0x0081537c                read
 .text          0x008154e4       0x5c ../controller_sw_bsp/libhal_bsp.a(alt_release_fd.o)
                0x008154e4                alt_release_fd
 .text          0x00815540       0xc0 ../controller_sw_bsp/libhal_bsp.a(alt_sbrk.o)
                0x00815540                sbrk
 .text          0x00815600       0x2c ../controller_sw_bsp/libhal_bsp.a(alt_usleep.o)
                0x00815600                usleep
 .text          0x0081562c      0x168 ../controller_sw_bsp/libhal_bsp.a(alt_write.o)
                0x0081562c                write
 .text          0x00815794      0x2d0 ../controller_sw_bsp/libhal_bsp.a(alt_sys_init.o)
                0x008157c4                alt_sys_init
                0x00815794                alt_irq_init
 .text          0x00815a64      0x138 ../controller_sw_bsp/libhal_bsp.a(altera_avalon_jtag_uart_fd.o)
                0x00815a64                altera_avalon_jtag_uart_read_fd
                0x00815b0c                altera_avalon_jtag_uart_close_fd
                0x00815b50                altera_avalon_jtag_uart_ioctl_fd
                0x00815ab8                altera_avalon_jtag_uart_write_fd
 .text          0x00815b9c      0x404 ../controller_sw_bsp/libhal_bsp.a(altera_avalon_jtag_uart_init.o)
                0x00815b9c                altera_avalon_jtag_uart_init
                0x00815f34                altera_avalon_jtag_uart_close
 .text          0x00815fa0       0xf8 ../controller_sw_bsp/libhal_bsp.a(altera_avalon_jtag_uart_ioctl.o)
                0x00815fa0                altera_avalon_jtag_uart_ioctl
 .text          0x00816098      0x234 ../controller_sw_bsp/libhal_bsp.a(altera_avalon_jtag_uart_read.o)
                0x00816098                altera_avalon_jtag_uart_read
 .text          0x008162cc      0x254 ../controller_sw_bsp/libhal_bsp.a(altera_avalon_jtag_uart_write.o)
                0x008162cc                altera_avalon_jtag_uart_write
 .text          0x00816520      0xcfc ../controller_sw_bsp/libhal_bsp.a(altera_avalon_lcd_16207.o)
                0x00816bf0                altera_avalon_lcd_16207_write
                0x008170f0                altera_avalon_lcd_16207_init
 .text          0x0081721c       0x54 ../controller_sw_bsp/libhal_bsp.a(altera_avalon_lcd_16207_fd.o)
                0x0081721c                altera_avalon_lcd_16207_write_fd
 .text          0x00817270       0xfc ../controller_sw_bsp/libhal_bsp.a(altera_avalon_timer_sc.o)
                0x008172e8                alt_avalon_timer_sc_init
 .text          0x0081736c     0x1448 ../controller_sw_bsp/libhal_bsp.a(altera_up_avalon_pixel_buffer.o)
                0x0081828c                alt_up_pixel_buffer_draw_rectangle
                0x0081736c                alt_up_pixel_buffer_open_dev
                0x00818408                alt_up_pixel_buffer_draw_line
                0x00817f0c                alt_up_pixel_buffer_draw_vline
                0x0081834c                helper_plot_pixel
                0x008173a4                alt_up_pixel_buffer_draw
                0x00817544                alt_up_pixel_buffer_change_back_buffer_address
                0x00817598                alt_up_pixel_buffer_swap_buffers
                0x00817618                alt_up_pixel_buffer_clear_screen
                0x008175e8                alt_up_pixel_buffer_check_swap_buffers_status
                0x00817c0c                alt_up_pixel_buffer_draw_hline
                0x00817768                alt_up_pixel_buffer_draw_box
 .text          0x008187b4      0x154 ../controller_sw_bsp/libhal_bsp.a(alt_alarm_start.o)
                0x008187b4                alt_alarm_start
 .text          0x00818908      0x148 ../controller_sw_bsp/libhal_bsp.a(alt_busy_sleep.o)
                0x00818908                alt_busy_sleep
 .text          0x00818a50       0xf8 ../controller_sw_bsp/libhal_bsp.a(alt_dev_llist_insert.o)
                0x00818a50                alt_dev_llist_insert
 .text          0x00818b48       0x58 ../controller_sw_bsp/libhal_bsp.a(alt_do_ctors.o)
                0x00818b48                _do_ctors
 .text          0x00818ba0       0x58 ../controller_sw_bsp/libhal_bsp.a(alt_do_dtors.o)
                0x00818ba0                _do_dtors
 .text          0x00818bf8       0x90 ../controller_sw_bsp/libhal_bsp.a(alt_find_dev.o)
                0x00818bf8                alt_find_dev
 .text          0x00818c88       0xe4 ../controller_sw_bsp/libhal_bsp.a(alt_find_file.o)
                0x00818c88                alt_find_file
 .text          0x00818d6c       0xac ../controller_sw_bsp/libhal_bsp.a(alt_get_fd.o)
                0x00818d6c                alt_get_fd
 .text          0x00818e18      0x134 ../controller_sw_bsp/libhal_bsp.a(alt_io_redirect.o)
                0x00818ed8                alt_io_redirect
 .text          0x00818f4c      0x19c ../controller_sw_bsp/libhal_bsp.a(alt_tick.o)
                0x00818fe8                alt_tick
                0x00818f4c                alt_alarm_stop
 .text          0x008190e8       0x1c ../controller_sw_bsp/libhal_bsp.a(altera_nios2_irq.o)
                0x008190e8                altera_nios2_irq_init
 .text          0x00819104       0x9c /cygdrive/c/altera/91/nios2eds/bin/nios2-gnutools/H-i686-pc-cygwin/bin/../lib/gcc/nios2-elf/3.4.6/../../../../nios2-elf/lib/libc.a(atexit.o)
                0x00819104                atexit
 .text          0x008191a0       0xe4 /cygdrive/c/altera/91/nios2eds/bin/nios2-gnutools/H-i686-pc-cygwin/bin/../lib/gcc/nios2-elf/3.4.6/../../../../nios2-elf/lib/libc.a(exit.o)
                0x008191a0                exit
 .text          0x00819284       0x70 /cygdrive/c/altera/91/nios2eds/bin/nios2-gnutools/H-i686-pc-cygwin/bin/../lib/gcc/nios2-elf/3.4.6/../../../../nios2-elf/lib/libc.a(memcmp.o)
                0x00819284                memcmp
 .text          0x008192f4       0x8c /cygdrive/c/altera/91/nios2eds/bin/nios2-gnutools/H-i686-pc-cygwin/bin/../lib/gcc/nios2-elf/3.4.6/../../../../nios2-elf/lib/libc.a(putc.o)
                0x008192f4                putc
 .text          0x00819380      0x118 /cygdrive/c/altera/91/nios2eds/bin/nios2-gnutools/H-i686-pc-cygwin/bin/../lib/gcc/nios2-elf/3.4.6/../../../../nios2-elf/lib/libc.a(wbuf.o)
                0x00819380                __swbuf
 .text          0x00819498       0x50 ../controller_sw_bsp/libhal_bsp.a(alt_exit.o)
                0x008194c8                _exit
 *(.gnu.warning.*)
 *(.fini)
                0x008194e8                PROVIDE (__etext, <code 336> (.))
                0x008194e8                PROVIDE (_etext, <code 336> (.))
                0x008194e8                PROVIDE (etext, <code 336> (.))
 *(.eh_frame_hdr)
                0x008194e8                . = ALIGN (0x4)
                0x008194e8                PROVIDE (__preinit_array_start, <code 336> (.))
 *(.preinit_array)
                0x008194e8                PROVIDE (__preinit_array_end, <code 336> (.))
                0x008194e8                PROVIDE (__init_array_start, <code 336> (.))
 *(.init_array)
                0x008194e8                PROVIDE (__init_array_end, <code 336> (.))
                0x008194e8                PROVIDE (__fini_array_start, <code 336> (.))
 *(.fini_array)
                0x008194e8                PROVIDE (__fini_array_end, <code 336> (.))
 *(.eh_frame)
 *(.gcc_except_table)
 *(.dynamic)
                0x008194e8                PROVIDE (__CTOR_LIST__, <code 336> (.))
 *(.ctors)
 *(SORT(.ctors.*))
                0x008194e8                PROVIDE (__CTOR_END__, <code 336> (.))
                0x008194e8                PROVIDE (__DTOR_LIST__, <code 336> (.))
 *(.dtors)
 *(SORT(.dtors.*))
                0x008194e8                PROVIDE (__DTOR_END__, <code 336> (.))
 *(.jcr)
                0x008194e8                . = ALIGN (0x4)

.rodata         0x008194e8      0xdd4
                0x008194e8                PROVIDE (__ram_rodata_start, <code 336> (.))
                0x008194e8                . = ALIGN (0x4)
 *(.rodata .rodata.* .gnu.linkonce.r.*)
 .rodata        0x008194e8      0x16c obj/draw.o
 .rodata        0x00819654        0x8 obj/game_loop.o
 .rodata        0x0081965c      0x194 obj/main.o
 .rodata        0x008197f0      0x238 obj/ship.o
 .rodata        0x00819a28        0x4 obj/util.o
 .rodata.str1.4
                0x00819a2c        0x5 /cygdrive/c/altera/91/nios2eds/bin/nios2-gnutools/H-i686-pc-cygwin/bin/../lib/gcc/nios2-elf/3.4.6/../../../../nios2-elf/lib/libm.a(w_sqrt.o)
                                  0x8 (size before relaxing)
 *fill*         0x00819a31        0x3 00
 .rodata        0x00819a34      0x188 /cygdrive/c/altera/91/nios2eds/bin/nios2-gnutools/H-i686-pc-cygwin/bin/../lib/gcc/nios2-elf/3.4.6/../../../../nios2-elf/lib/libm.a(e_rem_pio2.o)
 .rodata        0x00819bbc       0x50 /cygdrive/c/altera/91/nios2eds/bin/nios2-gnutools/H-i686-pc-cygwin/bin/../lib/gcc/nios2-elf/3.4.6/../../../../nios2-elf/lib/libm.a(k_rem_pio2.o)
 .rodata        0x00819c0c       0x10 /cygdrive/c/altera/91/nios2eds/bin/nios2-gnutools/H-i686-pc-cygwin/bin/../lib/gcc/nios2-elf/3.4.6/libgcc.a(_thenan_sf.o)
                0x00819c0c                __thenan_sf
 .rodata        0x00819c1c       0x14 /cygdrive/c/altera/91/nios2eds/bin/nios2-gnutools/H-i686-pc-cygwin/bin/../lib/gcc/nios2-elf/3.4.6/libgcc.a(_thenan_df.o)
                0x00819c1c                __thenan_df
 .rodata.str1.4
                0x00819c30        0x2 /cygdrive/c/altera/91/nios2eds/bin/nios2-gnutools/H-i686-pc-cygwin/bin/../lib/gcc/nios2-elf/3.4.6/../../../../nios2-elf/lib/libc.a(impure.o)
                                  0x4 (size before relaxing)
 *fill*         0x00819c32        0x2 00
 .rodata        0x00819c34      0x184 /cygdrive/c/altera/91/nios2eds/bin/nios2-gnutools/H-i686-pc-cygwin/bin/../lib/gcc/nios2-elf/3.4.6/../../../../nios2-elf/lib/libc.a(vfprintf1.o)
 .rodata.str1.4
                0x00819db8       0x5b /cygdrive/c/altera/91/nios2eds/bin/nios2-gnutools/H-i686-pc-cygwin/bin/../lib/gcc/nios2-elf/3.4.6/../../../../nios2-elf/lib/libc.a(vfprintf1.o)
                                 0x5c (size before relaxing)
 *fill*         0x00819e13        0x1 00
 .rodata.str1.4
                0x00819e14       0x1e /cygdrive/c/altera/91/nios2eds/bin/nios2-gnutools/H-i686-pc-cygwin/bin/../lib/gcc/nios2-elf/3.4.6/../../../../nios2-elf/lib/libc.a(wctomb_r.o)
                                 0x20 (size before relaxing)
 *fill*         0x00819e32        0x2 00
 .rodata.str1.4
                0x00819e34        0x9 /cygdrive/c/altera/91/nios2eds/bin/nios2-gnutools/H-i686-pc-cygwin/bin/../lib/gcc/nios2-elf/3.4.6/../../../../nios2-elf/lib/libc.a(dtoa.o)
                                 0x14 (size before relaxing)
 *fill*         0x00819e3d        0x3 00
 .rodata        0x00819e40       0x18 /cygdrive/c/altera/91/nios2eds/bin/nios2-gnutools/H-i686-pc-cygwin/bin/../lib/gcc/nios2-elf/3.4.6/../../../../nios2-elf/lib/libc.a(dtoa.o)
 .rodata.str1.4
                0x00819e58        0xb /cygdrive/c/altera/91/nios2eds/bin/nios2-gnutools/H-i686-pc-cygwin/bin/../lib/gcc/nios2-elf/3.4.6/../../../../nios2-elf/lib/libc.a(locale.o)
                                 0x18 (size before relaxing)
 *fill*         0x00819e63        0x1 00
 .rodata        0x00819e64       0x30 /cygdrive/c/altera/91/nios2eds/bin/nios2-gnutools/H-i686-pc-cygwin/bin/../lib/gcc/nios2-elf/3.4.6/../../../../nios2-elf/lib/libc.a(locale.o)
 .rodata        0x00819e94      0x124 /cygdrive/c/altera/91/nios2eds/bin/nios2-gnutools/H-i686-pc-cygwin/bin/../lib/gcc/nios2-elf/3.4.6/../../../../nios2-elf/lib/libc.a(mprec.o)
                0x00819e94                __mprec_tinytens
                0x00819ee4                __mprec_tens
                0x00819ebc                __mprec_bigtens
 .rodata        0x00819fb8      0x100 /cygdrive/c/altera/91/nios2eds/bin/nios2-gnutools/H-i686-pc-cygwin/bin/../lib/gcc/nios2-elf/3.4.6/libgcc.a(_clz.o)
                0x00819fb8                __clz_tab
 .rodata        0x0081a0b8        0xc ../controller_sw_bsp/libhal_bsp.a(alt_dev.o)
 .rodata        0x0081a0c4       0x14 ../controller_sw_bsp/libhal_bsp.a(alt_main.o)
 .rodata        0x0081a0d8       0x64 ../controller_sw_bsp/libhal_bsp.a(alt_sys_init.o)
 .rodata        0x0081a13c      0x180 /cygdrive/c/altera/91/nios2eds/bin/nios2-gnutools/H-i686-pc-cygwin/bin/../lib/gcc/nios2-elf/3.4.6/../../../../nios2-elf/lib/libc.a(ctype_.o)
                0x0081a1bb                _ctype_
 *(.rodata1)
                0x0081a2bc                . = ALIGN (0x4)
                0x0081a2bc                PROVIDE (__ram_rodata_end, <code 336> (.))
                0x008194e8                PROVIDE (__flash_rodata_start, LOADADDR (.rodata))

.rwdata         0x0081a2bc     0x1c10
                0x0081a2bc                PROVIDE (__ram_rwdata_start, <code 336> (.))
                0x0081a2bc                . = ALIGN (0x4)
 *(.got.plt)
 *(.got)
 *(.data1)
 *(.data .data.* .gnu.linkonce.d.*)
 .data          0x0081a2bc      0x37c /cygdrive/c/altera/91/nios2eds/bin/nios2-gnutools/H-i686-pc-cygwin/bin/../lib/gcc/nios2-elf/3.4.6/../../../../nios2-elf/lib/libc.a(impure.o)
 .data          0x0081a638      0x430 /cygdrive/c/altera/91/nios2eds/bin/nios2-gnutools/H-i686-pc-cygwin/bin/../lib/gcc/nios2-elf/3.4.6/../../../../nios2-elf/lib/libc.a(mallocr.o)
                0x0081a638                __malloc_current_mallinfo
                0x0081a660                __malloc_av_
 .data          0x0081aa68        0xc /cygdrive/c/altera/91/nios2eds/bin/nios2-gnutools/H-i686-pc-cygwin/bin/../lib/gcc/nios2-elf/3.4.6/../../../../nios2-elf/lib/libc.a(locale.o)
                0x0081aa68                __lc_ctype
 .data          0x0081aa74      0x1a8 ../controller_sw_bsp/libhal_bsp.a(alt_dev.o)
                0x0081aa9c                alt_fd_list
                0x0081aa74                alt_dev_null
 .data          0x0081ac1c     0x1238 ../controller_sw_bsp/libhal_bsp.a(alt_sys_init.o)
                0x00823e54                _gp = <code 336> ((. + 0x8000))
                0x00823e54                PROVIDE (gp, _gp)
 *(.sdata .sdata.* .gnu.linkonce.s.*)
 .sdata         0x0081be54        0x4 /cygdrive/c/altera/91/nios2eds/bin/nios2-gnutools/H-i686-pc-cygwin/bin/../lib/gcc/nios2-elf/3.4.6/../../../../nios2-elf/lib/libm.a(s_lib_ver.o)
                0x0081be54                __fdlib_version
 .sdata         0x0081be58        0x4 /cygdrive/c/altera/91/nios2eds/bin/nios2-gnutools/H-i686-pc-cygwin/bin/../lib/gcc/nios2-elf/3.4.6/../../../../nios2-elf/lib/libc.a(impure.o)
                0x0081be58                _impure_ptr
 .sdata         0x0081be5c       0x14 /cygdrive/c/altera/91/nios2eds/bin/nios2-gnutools/H-i686-pc-cygwin/bin/../lib/gcc/nios2-elf/3.4.6/../../../../nios2-elf/lib/libc.a(mallocr.o)
                0x0081be68                __malloc_top_pad
                0x0081be60                __malloc_max_sbrked_mem
                0x0081be64                __malloc_sbrk_base
                0x0081be5c                __malloc_max_total_mem
                0x0081be6c                __malloc_trim_threshold
 .sdata         0x0081be70       0x14 /cygdrive/c/altera/91/nios2eds/bin/nios2-gnutools/H-i686-pc-cygwin/bin/../lib/gcc/nios2-elf/3.4.6/../../../../nios2-elf/lib/libc.a(locale.o)
                0x0081be7c                __mb_cur_max
                0x0081be78                __nlocale_changed
                0x0081be74                __mlocale_changed
                0x0081be70                _PathLocale
 .sdata         0x0081be84       0x14 ../controller_sw_bsp/libhal_bsp.a(alt_dev.o)
                0x0081be94                alt_max_fd
                0x0081be8c                alt_dev_list
                0x0081be84                alt_fs_list
 .sdata         0x0081be98        0x4 ../controller_sw_bsp/libhal_bsp.a(alt_errno.o)
                0x0081be98                alt_errno
 .sdata         0x0081be9c        0x8 ../controller_sw_bsp/libhal_bsp.a(alt_irq_vars.o)
                0x0081be9c                alt_irq_active
                0x0081bea0                alt_priority_mask
 .sdata         0x0081bea4        0xc ../controller_sw_bsp/libhal_bsp.a(alt_main.o)
                0x0081bea8                alt_argv
                0x0081beac                alt_envp
                0x0081bea4                alt_argc
 .sdata         0x0081beb0        0x4 ../controller_sw_bsp/libhal_bsp.a(alt_sbrk.o)
 .sdata         0x0081beb4        0x4 ../controller_sw_bsp/libhal_bsp.a(altera_avalon_lcd_16207.o)
 .sdata         0x0081beb8       0x10 ../controller_sw_bsp/libhal_bsp.a(alt_tick.o)
                0x0081beb8                _alt_tick_rate
                0x0081bebc                _alt_nticks
                0x0081bec0                alt_alarm_list
 .sdata         0x0081bec8        0x4 /cygdrive/c/altera/91/nios2eds/bin/nios2-gnutools/H-i686-pc-cygwin/bin/../lib/gcc/nios2-elf/3.4.6/../../../../nios2-elf/lib/libc.a(ctype_.o)
                0x0081bec8                __ctype_ptr
 *(.sdata2 .sdata2.* .gnu.linkonce.s2.*)
                0x0081becc                . = ALIGN (0x4)
                0x0081becc                _edata = <code 336> (.)
                0x0081becc                PROVIDE (edata, <code 336> (.))
                0x0081becc                PROVIDE (__ram_rwdata_end, <code 336> (.))
                0x0081a2bc                PROVIDE (__flash_rwdata_start, LOADADDR (.rwdata))

.bss            0x0081becc      0x780
                0x0081becc                __bss_start = <code 336> (.)
                0x0081becc                PROVIDE (__sbss_start, <code 336> (.))
                0x0081becc                PROVIDE (___sbss_start, <code 336> (.))
 *(.dynsbss)
 *(.sbss .sbss.* .gnu.linkonce.sb.*)
 .sbss          0x0081becc        0x8 obj/draw.o
                0x0081bed0                rotate_matrix
                0x0081becc                translate_matrix
 .sbss          0x0081bed4        0x8 obj/ethernet_isr.o
                0x0081bed4                isr_update
                0x0081bed8                p_edge_capture
 .sbss          0x0081bedc       0x18 obj/main.o
                0x0081bef0                new_game
                0x0081beec                output_packet_reg
                0x0081bee8                game_mode
                0x0081bee4                pixel_buf_dev
 .sbss          0x0081bef4        0x4 /cygdrive/c/altera/91/nios2eds/bin/nios2-gnutools/H-i686-pc-cygwin/bin/../lib/gcc/nios2-elf/3.4.6/../../../../nios2-elf/lib/libc.a(int_errno.o)
                0x0081bef4                errno
 .sbss          0x0081bef8        0x4 /cygdrive/c/altera/91/nios2eds/bin/nios2-gnutools/H-i686-pc-cygwin/bin/../lib/gcc/nios2-elf/3.4.6/../../../../nios2-elf/lib/libc.a(findfp1.o)
 .sbss          0x0081befc        0x4 /cygdrive/c/altera/91/nios2eds/bin/nios2-gnutools/H-i686-pc-cygwin/bin/../lib/gcc/nios2-elf/3.4.6/../../../../nios2-elf/lib/libc.a(atexit.o)
 *(.sbss2 .sbss2.* .gnu.linkonce.sb2.*)
 *(.scommon)
                0x0081bf00                PROVIDE (__sbss_end, <code 336> (.))
                0x0081bf00                PROVIDE (___sbss_end, <code 336> (.))
 *(.dynbss)
 *(.bss .bss.* .gnu.linkonce.b.*)
 *(COMMON)
 COMMON         0x0081bf00      0x540 obj/main.o
                                  0x0 (size before relaxing)
                0x0081bf00                p1_ship
                0x0081bfa0                packets
                0x0081c3a0                p2_ship
 COMMON         0x0081c440      0x100 ../controller_sw_bsp/libhal_bsp.a(alt_irq_handler.o)
                                  0x0 (size before relaxing)
                0x0081c440                alt_irq
 COMMON         0x0081c540      0x10c /cygdrive/c/altera/91/nios2eds/bin/nios2-gnutools/H-i686-pc-cygwin/bin/../lib/gcc/nios2-elf/3.4.6/../../../../nios2-elf/lib/libc.a(atexit.o)
                                  0x0 (size before relaxing)
                0x0081c540                _atexit0
                0x0081c64c                . = ALIGN (0x4)
                0x0081c64c                __bss_end = <code 336> (.)

.sram_0         0x0081c64c        0x0 load address 0x0081c64c
                0x0081c64c                PROVIDE (_alt_partition_sram_0_start, <code 336> (.))
 *(.sram_0. sram_0.*)
                0x0081c64c                . = ALIGN (0x4)
                0x0081c64c                PROVIDE (_alt_partition_sram_0_end, <code 336> (.))
                0x0081c64c                _end = <code 336> (.)
                0x0081c64c                end = <code 336> (.)
                0x0081c64c                __alt_stack_base = <code 336> (.)
                0x0081c64c                PROVIDE (_alt_partition_sram_0_load_addr, LOADADDR (.sram_0))

.stab
 *(.stab)

.stabstr
 *(.stabstr)

.stab.excl
 *(.stab.excl)

.stab.exclstr
 *(.stab.exclstr)

.stab.index
 *(.stab.index)

.stab.indexstr
 *(.stab.indexstr)

.comment        0x00000000     0x1afc
 *(.comment)
 .comment       0x00000000       0x2c obj/collision_detection.o
 .comment       0x0000002c       0x2c obj/draw.o
 .comment       0x00000058       0x2c obj/ethernet_isr.o
 .comment       0x00000084       0x2c obj/game_loop.o
 .comment       0x000000b0       0x2c obj/main.o
 .comment       0x000000dc       0x2c obj/ship.o
 .comment       0x00000108       0x2c obj/util.o
 .comment       0x00000134       0x2c /cygdrive/c/altera/91/nios2eds/bin/nios2-gnutools/H-i686-pc-cygwin/bin/../lib/gcc/nios2-elf/3.4.6/../../../../nios2-elf/lib/libm.a(s_cos.o)
 .comment       0x00000160       0x2c /cygdrive/c/altera/91/nios2eds/bin/nios2-gnutools/H-i686-pc-cygwin/bin/../lib/gcc/nios2-elf/3.4.6/../../../../nios2-elf/lib/libm.a(s_sin.o)
 .comment       0x0000018c       0x2c /cygdrive/c/altera/91/nios2eds/bin/nios2-gnutools/H-i686-pc-cygwin/bin/../lib/gcc/nios2-elf/3.4.6/../../../../nios2-elf/lib/libm.a(sf_round.o)
 .comment       0x000001b8       0x2c /cygdrive/c/altera/91/nios2eds/bin/nios2-gnutools/H-i686-pc-cygwin/bin/../lib/gcc/nios2-elf/3.4.6/../../../../nios2-elf/lib/libm.a(w_sqrt.o)
 .comment       0x000001e4       0x2c /cygdrive/c/altera/91/nios2eds/bin/nios2-gnutools/H-i686-pc-cygwin/bin/../lib/gcc/nios2-elf/3.4.6/../../../../nios2-elf/lib/libm.a(e_rem_pio2.o)
 .comment       0x00000210       0x2c /cygdrive/c/altera/91/nios2eds/bin/nios2-gnutools/H-i686-pc-cygwin/bin/../lib/gcc/nios2-elf/3.4.6/../../../../nios2-elf/lib/libm.a(e_sqrt.o)
 .comment       0x0000023c       0x2c /cygdrive/c/altera/91/nios2eds/bin/nios2-gnutools/H-i686-pc-cygwin/bin/../lib/gcc/nios2-elf/3.4.6/../../../../nios2-elf/lib/libm.a(k_cos.o)
 .comment       0x00000268       0x2c /cygdrive/c/altera/91/nios2eds/bin/nios2-gnutools/H-i686-pc-cygwin/bin/../lib/gcc/nios2-elf/3.4.6/../../../../nios2-elf/lib/libm.a(k_rem_pio2.o)
 .comment       0x00000294       0x2c /cygdrive/c/altera/91/nios2eds/bin/nios2-gnutools/H-i686-pc-cygwin/bin/../lib/gcc/nios2-elf/3.4.6/../../../../nios2-elf/lib/libm.a(k_sin.o)
 .comment       0x000002c0       0x2c /cygdrive/c/altera/91/nios2eds/bin/nios2-gnutools/H-i686-pc-cygwin/bin/../lib/gcc/nios2-elf/3.4.6/../../../../nios2-elf/lib/libm.a(s_fabs.o)
 .comment       0x000002ec       0x2c /cygdrive/c/altera/91/nios2eds/bin/nios2-gnutools/H-i686-pc-cygwin/bin/../lib/gcc/nios2-elf/3.4.6/../../../../nios2-elf/lib/libm.a(s_floor.o)
 .comment       0x00000318       0x2c /cygdrive/c/altera/91/nios2eds/bin/nios2-gnutools/H-i686-pc-cygwin/bin/../lib/gcc/nios2-elf/3.4.6/../../../../nios2-elf/lib/libm.a(s_isnan.o)
 .comment       0x00000344       0x2c /cygdrive/c/altera/91/nios2eds/bin/nios2-gnutools/H-i686-pc-cygwin/bin/../lib/gcc/nios2-elf/3.4.6/../../../../nios2-elf/lib/libm.a(s_lib_ver.o)
 .comment       0x00000370       0x2c /cygdrive/c/altera/91/nios2eds/bin/nios2-gnutools/H-i686-pc-cygwin/bin/../lib/gcc/nios2-elf/3.4.6/../../../../nios2-elf/lib/libm.a(s_matherr.o)
 .comment       0x0000039c       0x2c /cygdrive/c/altera/91/nios2eds/bin/nios2-gnutools/H-i686-pc-cygwin/bin/../lib/gcc/nios2-elf/3.4.6/../../../../nios2-elf/lib/libm.a(s_scalbn.o)
 .comment       0x000003c8       0x2c /cygdrive/c/altera/91/nios2eds/bin/nios2-gnutools/H-i686-pc-cygwin/bin/../lib/gcc/nios2-elf/3.4.6/../../../../nios2-elf/lib/libm.a(s_copysign.o)
 .comment       0x000003f4       0x2c /cygdrive/c/altera/91/nios2eds/bin/nios2-gnutools/H-i686-pc-cygwin/bin/../lib/gcc/nios2-elf/3.4.6/libgcc.a(_fixunssfsi.o)
 .comment       0x00000420       0x2c /cygdrive/c/altera/91/nios2eds/bin/nios2-gnutools/H-i686-pc-cygwin/bin/../lib/gcc/nios2-elf/3.4.6/libgcc.a(_addsub_sf.o)
 .comment       0x0000044c       0x2c /cygdrive/c/altera/91/nios2eds/bin/nios2-gnutools/H-i686-pc-cygwin/bin/../lib/gcc/nios2-elf/3.4.6/libgcc.a(_mul_sf.o)
 .comment       0x00000478       0x2c /cygdrive/c/altera/91/nios2eds/bin/nios2-gnutools/H-i686-pc-cygwin/bin/../lib/gcc/nios2-elf/3.4.6/libgcc.a(_div_sf.o)
 .comment       0x000004a4       0x2c /cygdrive/c/altera/91/nios2eds/bin/nios2-gnutools/H-i686-pc-cygwin/bin/../lib/gcc/nios2-elf/3.4.6/libgcc.a(_eq_sf.o)
 .comment       0x000004d0       0x2c /cygdrive/c/altera/91/nios2eds/bin/nios2-gnutools/H-i686-pc-cygwin/bin/../lib/gcc/nios2-elf/3.4.6/libgcc.a(_ne_sf.o)
 .comment       0x000004fc       0x2c /cygdrive/c/altera/91/nios2eds/bin/nios2-gnutools/H-i686-pc-cygwin/bin/../lib/gcc/nios2-elf/3.4.6/libgcc.a(_gt_sf.o)
 .comment       0x00000528       0x2c /cygdrive/c/altera/91/nios2eds/bin/nios2-gnutools/H-i686-pc-cygwin/bin/../lib/gcc/nios2-elf/3.4.6/libgcc.a(_ge_sf.o)
 .comment       0x00000554       0x2c /cygdrive/c/altera/91/nios2eds/bin/nios2-gnutools/H-i686-pc-cygwin/bin/../lib/gcc/nios2-elf/3.4.6/libgcc.a(_lt_sf.o)
 .comment       0x00000580       0x2c /cygdrive/c/altera/91/nios2eds/bin/nios2-gnutools/H-i686-pc-cygwin/bin/../lib/gcc/nios2-elf/3.4.6/libgcc.a(_le_sf.o)
 .comment       0x000005ac       0x2c /cygdrive/c/altera/91/nios2eds/bin/nios2-gnutools/H-i686-pc-cygwin/bin/../lib/gcc/nios2-elf/3.4.6/libgcc.a(_si_to_sf.o)
 .comment       0x000005d8       0x2c /cygdrive/c/altera/91/nios2eds/bin/nios2-gnutools/H-i686-pc-cygwin/bin/../lib/gcc/nios2-elf/3.4.6/libgcc.a(_sf_to_si.o)
 .comment       0x00000604       0x2c /cygdrive/c/altera/91/nios2eds/bin/nios2-gnutools/H-i686-pc-cygwin/bin/../lib/gcc/nios2-elf/3.4.6/libgcc.a(_sf_to_df.o)
 .comment       0x00000630       0x2c /cygdrive/c/altera/91/nios2eds/bin/nios2-gnutools/H-i686-pc-cygwin/bin/../lib/gcc/nios2-elf/3.4.6/libgcc.a(_thenan_sf.o)
 .comment       0x0000065c       0x2c /cygdrive/c/altera/91/nios2eds/bin/nios2-gnutools/H-i686-pc-cygwin/bin/../lib/gcc/nios2-elf/3.4.6/libgcc.a(_addsub_df.o)
 .comment       0x00000688       0x2c /cygdrive/c/altera/91/nios2eds/bin/nios2-gnutools/H-i686-pc-cygwin/bin/../lib/gcc/nios2-elf/3.4.6/libgcc.a(_mul_df.o)
 .comment       0x000006b4       0x2c /cygdrive/c/altera/91/nios2eds/bin/nios2-gnutools/H-i686-pc-cygwin/bin/../lib/gcc/nios2-elf/3.4.6/libgcc.a(_div_df.o)
 .comment       0x000006e0       0x2c /cygdrive/c/altera/91/nios2eds/bin/nios2-gnutools/H-i686-pc-cygwin/bin/../lib/gcc/nios2-elf/3.4.6/libgcc.a(_eq_df.o)
 .comment       0x0000070c       0x2c /cygdrive/c/altera/91/nios2eds/bin/nios2-gnutools/H-i686-pc-cygwin/bin/../lib/gcc/nios2-elf/3.4.6/libgcc.a(_ne_df.o)
 .comment       0x00000738       0x2c /cygdrive/c/altera/91/nios2eds/bin/nios2-gnutools/H-i686-pc-cygwin/bin/../lib/gcc/nios2-elf/3.4.6/libgcc.a(_gt_df.o)
 .comment       0x00000764       0x2c /cygdrive/c/altera/91/nios2eds/bin/nios2-gnutools/H-i686-pc-cygwin/bin/../lib/gcc/nios2-elf/3.4.6/libgcc.a(_ge_df.o)
 .comment       0x00000790       0x2c /cygdrive/c/altera/91/nios2eds/bin/nios2-gnutools/H-i686-pc-cygwin/bin/../lib/gcc/nios2-elf/3.4.6/libgcc.a(_lt_df.o)
 .comment       0x000007bc       0x2c /cygdrive/c/altera/91/nios2eds/bin/nios2-gnutools/H-i686-pc-cygwin/bin/../lib/gcc/nios2-elf/3.4.6/libgcc.a(_si_to_df.o)
 .comment       0x000007e8       0x2c /cygdrive/c/altera/91/nios2eds/bin/nios2-gnutools/H-i686-pc-cygwin/bin/../lib/gcc/nios2-elf/3.4.6/libgcc.a(_df_to_si.o)
 .comment       0x00000814       0x2c /cygdrive/c/altera/91/nios2eds/bin/nios2-gnutools/H-i686-pc-cygwin/bin/../lib/gcc/nios2-elf/3.4.6/libgcc.a(_make_df.o)
 .comment       0x00000840       0x2c /cygdrive/c/altera/91/nios2eds/bin/nios2-gnutools/H-i686-pc-cygwin/bin/../lib/gcc/nios2-elf/3.4.6/libgcc.a(_df_to_sf.o)
 .comment       0x0000086c       0x2c /cygdrive/c/altera/91/nios2eds/bin/nios2-gnutools/H-i686-pc-cygwin/bin/../lib/gcc/nios2-elf/3.4.6/libgcc.a(_thenan_df.o)
 .comment       0x00000898       0x2c /cygdrive/c/altera/91/nios2eds/bin/nios2-gnutools/H-i686-pc-cygwin/bin/../lib/gcc/nios2-elf/3.4.6/libgcc.a(lib2-divmod.o)
 .comment       0x000008c4       0x2c /cygdrive/c/altera/91/nios2eds/bin/nios2-gnutools/H-i686-pc-cygwin/bin/../lib/gcc/nios2-elf/3.4.6/libgcc.a(_muldi3.o)
 .comment       0x000008f0       0x2c /cygdrive/c/altera/91/nios2eds/bin/nios2-gnutools/H-i686-pc-cygwin/bin/../lib/gcc/nios2-elf/3.4.6/libgcc.a(_negdi2.o)
 .comment       0x0000091c       0x2c /cygdrive/c/altera/91/nios2eds/bin/nios2-gnutools/H-i686-pc-cygwin/bin/../lib/gcc/nios2-elf/3.4.6/libgcc.a(_lshrdi3.o)
 .comment       0x00000948       0x2c /cygdrive/c/altera/91/nios2eds/bin/nios2-gnutools/H-i686-pc-cygwin/bin/../lib/gcc/nios2-elf/3.4.6/libgcc.a(_pack_sf.o)
 .comment       0x00000974       0x2c /cygdrive/c/altera/91/nios2eds/bin/nios2-gnutools/H-i686-pc-cygwin/bin/../lib/gcc/nios2-elf/3.4.6/libgcc.a(_unpack_sf.o)
 .comment       0x000009a0       0x2c /cygdrive/c/altera/91/nios2eds/bin/nios2-gnutools/H-i686-pc-cygwin/bin/../lib/gcc/nios2-elf/3.4.6/libgcc.a(_fpcmp_parts_sf.o)
 .comment       0x000009cc       0x2c /cygdrive/c/altera/91/nios2eds/bin/nios2-gnutools/H-i686-pc-cygwin/bin/../lib/gcc/nios2-elf/3.4.6/libgcc.a(_make_sf.o)
 .comment       0x000009f8       0x2c /cygdrive/c/altera/91/nios2eds/bin/nios2-gnutools/H-i686-pc-cygwin/bin/../lib/gcc/nios2-elf/3.4.6/libgcc.a(_pack_df.o)
 .comment       0x00000a24       0x2c /cygdrive/c/altera/91/nios2eds/bin/nios2-gnutools/H-i686-pc-cygwin/bin/../lib/gcc/nios2-elf/3.4.6/libgcc.a(_unpack_df.o)
 .comment       0x00000a50       0x2c /cygdrive/c/altera/91/nios2eds/bin/nios2-gnutools/H-i686-pc-cygwin/bin/../lib/gcc/nios2-elf/3.4.6/libgcc.a(_fpcmp_parts_df.o)
 .comment       0x00000a7c       0x2c /cygdrive/c/altera/91/nios2eds/bin/nios2-gnutools/H-i686-pc-cygwin/bin/../lib/gcc/nios2-elf/3.4.6/libgcc.a(_ashldi3.o)
 .comment       0x00000aa8       0x2c /cygdrive/c/altera/91/nios2eds/bin/nios2-gnutools/H-i686-pc-cygwin/bin/../lib/gcc/nios2-elf/3.4.6/../../../../nios2-elf/lib/libc.a(calloc.o)
 .comment       0x00000ad4       0x2c /cygdrive/c/altera/91/nios2eds/bin/nios2-gnutools/H-i686-pc-cygwin/bin/../lib/gcc/nios2-elf/3.4.6/../../../../nios2-elf/lib/libc.a(callocr.o)
 .comment       0x00000b00       0x2c /cygdrive/c/altera/91/nios2eds/bin/nios2-gnutools/H-i686-pc-cygwin/bin/../lib/gcc/nios2-elf/3.4.6/../../../../nios2-elf/lib/libc.a(errno.o)
 .comment       0x00000b2c       0x2c /cygdrive/c/altera/91/nios2eds/bin/nios2-gnutools/H-i686-pc-cygwin/bin/../lib/gcc/nios2-elf/3.4.6/../../../../nios2-elf/lib/libc.a(fopen.o)
 .comment       0x00000b58       0x2c /cygdrive/c/altera/91/nios2eds/bin/nios2-gnutools/H-i686-pc-cygwin/bin/../lib/gcc/nios2-elf/3.4.6/../../../../nios2-elf/lib/libc.a(fprintf.o)
 .comment       0x00000b84       0x2c /cygdrive/c/altera/91/nios2eds/bin/nios2-gnutools/H-i686-pc-cygwin/bin/../lib/gcc/nios2-elf/3.4.6/../../../../nios2-elf/lib/libc.a(fseek.o)
 .comment       0x00000bb0       0x2c /cygdrive/c/altera/91/nios2eds/bin/nios2-gnutools/H-i686-pc-cygwin/bin/../lib/gcc/nios2-elf/3.4.6/../../../../nios2-elf/lib/libc.a(fstatr.o)
 .comment       0x00000bdc       0x2c /cygdrive/c/altera/91/nios2eds/bin/nios2-gnutools/H-i686-pc-cygwin/bin/../lib/gcc/nios2-elf/3.4.6/../../../../nios2-elf/lib/libc.a(impure.o)
 .comment       0x00000c08       0x2c /cygdrive/c/altera/91/nios2eds/bin/nios2-gnutools/H-i686-pc-cygwin/bin/../lib/gcc/nios2-elf/3.4.6/../../../../nios2-elf/lib/libc.a(int_errno.o)
 .comment       0x00000c34       0x2c /cygdrive/c/altera/91/nios2eds/bin/nios2-gnutools/H-i686-pc-cygwin/bin/../lib/gcc/nios2-elf/3.4.6/../../../../nios2-elf/lib/libc.a(makebuf.o)
 .comment       0x00000c60       0x2c /cygdrive/c/altera/91/nios2eds/bin/nios2-gnutools/H-i686-pc-cygwin/bin/../lib/gcc/nios2-elf/3.4.6/../../../../nios2-elf/lib/libc.a(malloc.o)
 .comment       0x00000c8c       0x2c /cygdrive/c/altera/91/nios2eds/bin/nios2-gnutools/H-i686-pc-cygwin/bin/../lib/gcc/nios2-elf/3.4.6/../../../../nios2-elf/lib/libc.a(mallocr.o)
 .comment       0x00000cb8       0x2c /cygdrive/c/altera/91/nios2eds/bin/nios2-gnutools/H-i686-pc-cygwin/bin/../lib/gcc/nios2-elf/3.4.6/../../../../nios2-elf/lib/libc.a(memcpy.o)
 .comment       0x00000ce4       0x2c /cygdrive/c/altera/91/nios2eds/bin/nios2-gnutools/H-i686-pc-cygwin/bin/../lib/gcc/nios2-elf/3.4.6/../../../../nios2-elf/lib/libc.a(memset.o)
 .comment       0x00000d10       0x2c /cygdrive/c/altera/91/nios2eds/bin/nios2-gnutools/H-i686-pc-cygwin/bin/../lib/gcc/nios2-elf/3.4.6/../../../../nios2-elf/lib/libc.a(openr.o)
 .comment       0x00000d3c       0x2c /cygdrive/c/altera/91/nios2eds/bin/nios2-gnutools/H-i686-pc-cygwin/bin/../lib/gcc/nios2-elf/3.4.6/../../../../nios2-elf/lib/libc.a(rand.o)
 .comment       0x00000d68       0x2c /cygdrive/c/altera/91/nios2eds/bin/nios2-gnutools/H-i686-pc-cygwin/bin/../lib/gcc/nios2-elf/3.4.6/../../../../nios2-elf/lib/libc.a(refill.o)
 .comment       0x00000d94       0x2c /cygdrive/c/altera/91/nios2eds/bin/nios2-gnutools/H-i686-pc-cygwin/bin/../lib/gcc/nios2-elf/3.4.6/../../../../nios2-elf/lib/libc.a(sbrkr.o)
 .comment       0x00000dc0       0x2c /cygdrive/c/altera/91/nios2eds/bin/nios2-gnutools/H-i686-pc-cygwin/bin/../lib/gcc/nios2-elf/3.4.6/../../../../nios2-elf/lib/libc.a(sprintf.o)
 .comment       0x00000dec       0x2c /cygdrive/c/altera/91/nios2eds/bin/nios2-gnutools/H-i686-pc-cygwin/bin/../lib/gcc/nios2-elf/3.4.6/../../../../nios2-elf/lib/libc.a(stdio.o)
 .comment       0x00000e18       0x2c /cygdrive/c/altera/91/nios2eds/bin/nios2-gnutools/H-i686-pc-cygwin/bin/../lib/gcc/nios2-elf/3.4.6/../../../../nios2-elf/lib/libc.a(strlen.o)
 .comment       0x00000e44       0x2c /cygdrive/c/altera/91/nios2eds/bin/nios2-gnutools/H-i686-pc-cygwin/bin/../lib/gcc/nios2-elf/3.4.6/../../../../nios2-elf/lib/libc.a(vfprintf1.o)
 .comment       0x00000e70       0x2c /cygdrive/c/altera/91/nios2eds/bin/nios2-gnutools/H-i686-pc-cygwin/bin/../lib/gcc/nios2-elf/3.4.6/../../../../nios2-elf/lib/libc.a(wcrtomb.o)
 .comment       0x00000e9c       0x2c /cygdrive/c/altera/91/nios2eds/bin/nios2-gnutools/H-i686-pc-cygwin/bin/../lib/gcc/nios2-elf/3.4.6/../../../../nios2-elf/lib/libc.a(wcsrtombs.o)
 .comment       0x00000ec8       0x2c /cygdrive/c/altera/91/nios2eds/bin/nios2-gnutools/H-i686-pc-cygwin/bin/../lib/gcc/nios2-elf/3.4.6/../../../../nios2-elf/lib/libc.a(wctomb_r.o)
 .comment       0x00000ef4       0x2c /cygdrive/c/altera/91/nios2eds/bin/nios2-gnutools/H-i686-pc-cygwin/bin/../lib/gcc/nios2-elf/3.4.6/../../../../nios2-elf/lib/libc.a(writer.o)
 .comment       0x00000f20       0x2c /cygdrive/c/altera/91/nios2eds/bin/nios2-gnutools/H-i686-pc-cygwin/bin/../lib/gcc/nios2-elf/3.4.6/../../../../nios2-elf/lib/libc.a(wsetup.o)
 .comment       0x00000f4c       0x2c /cygdrive/c/altera/91/nios2eds/bin/nios2-gnutools/H-i686-pc-cygwin/bin/../lib/gcc/nios2-elf/3.4.6/../../../../nios2-elf/lib/libc.a(closer.o)
 .comment       0x00000f78       0x2c /cygdrive/c/altera/91/nios2eds/bin/nios2-gnutools/H-i686-pc-cygwin/bin/../lib/gcc/nios2-elf/3.4.6/../../../../nios2-elf/lib/libc.a(dtoa.o)
 .comment       0x00000fa4       0x2c /cygdrive/c/altera/91/nios2eds/bin/nios2-gnutools/H-i686-pc-cygwin/bin/../lib/gcc/nios2-elf/3.4.6/../../../../nios2-elf/lib/libc.a(fflush.o)
 .comment       0x00000fd0       0x2c /cygdrive/c/altera/91/nios2eds/bin/nios2-gnutools/H-i686-pc-cygwin/bin/../lib/gcc/nios2-elf/3.4.6/../../../../nios2-elf/lib/libc.a(findfp.o)
 .comment       0x00000ffc       0x2c /cygdrive/c/altera/91/nios2eds/bin/nios2-gnutools/H-i686-pc-cygwin/bin/../lib/gcc/nios2-elf/3.4.6/../../../../nios2-elf/lib/libc.a(findfp1.o)
 .comment       0x00001028       0x2c /cygdrive/c/altera/91/nios2eds/bin/nios2-gnutools/H-i686-pc-cygwin/bin/../lib/gcc/nios2-elf/3.4.6/../../../../nios2-elf/lib/libc.a(flags.o)
 .comment       0x00001054       0x2c /cygdrive/c/altera/91/nios2eds/bin/nios2-gnutools/H-i686-pc-cygwin/bin/../lib/gcc/nios2-elf/3.4.6/../../../../nios2-elf/lib/libc.a(freer.o)
 .comment       0x00001080       0x2c /cygdrive/c/altera/91/nios2eds/bin/nios2-gnutools/H-i686-pc-cygwin/bin/../lib/gcc/nios2-elf/3.4.6/../../../../nios2-elf/lib/libc.a(fvwrite.o)
 .comment       0x000010ac       0x2c /cygdrive/c/altera/91/nios2eds/bin/nios2-gnutools/H-i686-pc-cygwin/bin/../lib/gcc/nios2-elf/3.4.6/../../../../nios2-elf/lib/libc.a(fwalk.o)
 .comment       0x000010d8       0x2c /cygdrive/c/altera/91/nios2eds/bin/nios2-gnutools/H-i686-pc-cygwin/bin/../lib/gcc/nios2-elf/3.4.6/../../../../nios2-elf/lib/libc.a(locale.o)
 .comment       0x00001104       0x2c /cygdrive/c/altera/91/nios2eds/bin/nios2-gnutools/H-i686-pc-cygwin/bin/../lib/gcc/nios2-elf/3.4.6/../../../../nios2-elf/lib/libc.a(lseekr.o)
 .comment       0x00001130       0x2c /cygdrive/c/altera/91/nios2eds/bin/nios2-gnutools/H-i686-pc-cygwin/bin/../lib/gcc/nios2-elf/3.4.6/../../../../nios2-elf/lib/libc.a(memchr.o)
 .comment       0x0000115c       0x2c /cygdrive/c/altera/91/nios2eds/bin/nios2-gnutools/H-i686-pc-cygwin/bin/../lib/gcc/nios2-elf/3.4.6/../../../../nios2-elf/lib/libc.a(memmove.o)
 .comment       0x00001188       0x2c /cygdrive/c/altera/91/nios2eds/bin/nios2-gnutools/H-i686-pc-cygwin/bin/../lib/gcc/nios2-elf/3.4.6/../../../../nios2-elf/lib/libc.a(mprec.o)
 .comment       0x000011b4       0x2c /cygdrive/c/altera/91/nios2eds/bin/nios2-gnutools/H-i686-pc-cygwin/bin/../lib/gcc/nios2-elf/3.4.6/../../../../nios2-elf/lib/libc.a(readr.o)
 .comment       0x000011e0       0x2c /cygdrive/c/altera/91/nios2eds/bin/nios2-gnutools/H-i686-pc-cygwin/bin/../lib/gcc/nios2-elf/3.4.6/../../../../nios2-elf/lib/libc.a(reallocr.o)
 .comment       0x0000120c       0x2c /cygdrive/c/altera/91/nios2eds/bin/nios2-gnutools/H-i686-pc-cygwin/bin/../lib/gcc/nios2-elf/3.4.6/../../../../nios2-elf/lib/libc.a(s_isinf.o)
 .comment       0x00001238       0x2c /cygdrive/c/altera/91/nios2eds/bin/nios2-gnutools/H-i686-pc-cygwin/bin/../lib/gcc/nios2-elf/3.4.6/../../../../nios2-elf/lib/libc.a(strcmp.o)
 .comment       0x00001264       0x2c /cygdrive/c/altera/91/nios2eds/bin/nios2-gnutools/H-i686-pc-cygwin/bin/../lib/gcc/nios2-elf/3.4.6/libgcc.a(_udivdi3.o)
 .comment       0x00001290       0x2c /cygdrive/c/altera/91/nios2eds/bin/nios2-gnutools/H-i686-pc-cygwin/bin/../lib/gcc/nios2-elf/3.4.6/libgcc.a(_umoddi3.o)
 .comment       0x000012bc       0x2c /cygdrive/c/altera/91/nios2eds/bin/nios2-gnutools/H-i686-pc-cygwin/bin/../lib/gcc/nios2-elf/3.4.6/libgcc.a(_clz.o)
 .comment       0x000012e8       0x2c ../controller_sw_bsp/libhal_bsp.a(alt_close.o)
 .comment       0x00001314       0x2c ../controller_sw_bsp/libhal_bsp.a(alt_dev.o)
 .comment       0x00001340       0x2c ../controller_sw_bsp/libhal_bsp.a(alt_errno.o)
 .comment       0x0000136c       0x2c ../controller_sw_bsp/libhal_bsp.a(alt_fstat.o)
 .comment       0x00001398       0x2c ../controller_sw_bsp/libhal_bsp.a(alt_irq_register.o)
 .comment       0x000013c4       0x2c ../controller_sw_bsp/libhal_bsp.a(alt_irq_vars.o)
 .comment       0x000013f0       0x2c ../controller_sw_bsp/libhal_bsp.a(alt_isatty.o)
 .comment       0x0000141c       0x2c ../controller_sw_bsp/libhal_bsp.a(alt_lseek.o)
 .comment       0x00001448       0x2c ../controller_sw_bsp/libhal_bsp.a(alt_main.o)
 .comment       0x00001474       0x2c ../controller_sw_bsp/libhal_bsp.a(alt_malloc_lock.o)
 .comment       0x000014a0       0x2c ../controller_sw_bsp/libhal_bsp.a(alt_open.o)
 .comment       0x000014cc       0x2c ../controller_sw_bsp/libhal_bsp.a(alt_printf.o)
 .comment       0x000014f8       0x2c ../controller_sw_bsp/libhal_bsp.a(alt_putchar.o)
 .comment       0x00001524       0x2c ../controller_sw_bsp/libhal_bsp.a(alt_read.o)
 .comment       0x00001550       0x2c ../controller_sw_bsp/libhal_bsp.a(alt_release_fd.o)
 .comment       0x0000157c       0x2c ../controller_sw_bsp/libhal_bsp.a(alt_sbrk.o)
 .comment       0x000015a8       0x2c ../controller_sw_bsp/libhal_bsp.a(alt_usleep.o)
 .comment       0x000015d4       0x2c ../controller_sw_bsp/libhal_bsp.a(alt_write.o)
 .comment       0x00001600       0x2c ../controller_sw_bsp/libhal_bsp.a(alt_sys_init.o)
 .comment       0x0000162c       0x2c ../controller_sw_bsp/libhal_bsp.a(altera_avalon_jtag_uart_fd.o)
 .comment       0x00001658       0x2c ../controller_sw_bsp/libhal_bsp.a(altera_avalon_jtag_uart_init.o)
 .comment       0x00001684       0x2c ../controller_sw_bsp/libhal_bsp.a(altera_avalon_jtag_uart_ioctl.o)
 .comment       0x000016b0       0x2c ../controller_sw_bsp/libhal_bsp.a(altera_avalon_jtag_uart_read.o)
 .comment       0x000016dc       0x2c ../controller_sw_bsp/libhal_bsp.a(altera_avalon_jtag_uart_write.o)
 .comment       0x00001708       0x2c ../controller_sw_bsp/libhal_bsp.a(altera_avalon_lcd_16207.o)
 .comment       0x00001734       0x2c ../controller_sw_bsp/libhal_bsp.a(altera_avalon_lcd_16207_fd.o)
 .comment       0x00001760       0x2c ../controller_sw_bsp/libhal_bsp.a(altera_avalon_timer_sc.o)
 .comment       0x0000178c       0x2c ../controller_sw_bsp/libhal_bsp.a(altera_up_avalon_pixel_buffer.o)
 .comment       0x000017b8       0x2c ../controller_sw_bsp/libhal_bsp.a(alt_alarm_start.o)
 .comment       0x000017e4       0x2c ../controller_sw_bsp/libhal_bsp.a(alt_busy_sleep.o)
 .comment       0x00001810       0x2c ../controller_sw_bsp/libhal_bsp.a(alt_dev_llist_insert.o)
 .comment       0x0000183c       0x2c ../controller_sw_bsp/libhal_bsp.a(alt_do_ctors.o)
 .comment       0x00001868       0x2c ../controller_sw_bsp/libhal_bsp.a(alt_do_dtors.o)
 .comment       0x00001894       0x2c ../controller_sw_bsp/libhal_bsp.a(alt_find_dev.o)
 .comment       0x000018c0       0x2c ../controller_sw_bsp/libhal_bsp.a(alt_find_file.o)
 .comment       0x000018ec       0x2c ../controller_sw_bsp/libhal_bsp.a(alt_get_fd.o)
 .comment       0x00001918       0x2c ../controller_sw_bsp/libhal_bsp.a(alt_io_redirect.o)
 .comment       0x00001944       0x2c ../controller_sw_bsp/libhal_bsp.a(alt_irq_handler.o)
 .comment       0x00001970       0x2c ../controller_sw_bsp/libhal_bsp.a(alt_tick.o)
 .comment       0x0000199c       0x2c ../controller_sw_bsp/libhal_bsp.a(altera_nios2_irq.o)
 .comment       0x000019c8       0x2c /cygdrive/c/altera/91/nios2eds/bin/nios2-gnutools/H-i686-pc-cygwin/bin/../lib/gcc/nios2-elf/3.4.6/../../../../nios2-elf/lib/libc.a(atexit.o)
 .comment       0x000019f4       0x2c /cygdrive/c/altera/91/nios2eds/bin/nios2-gnutools/H-i686-pc-cygwin/bin/../lib/gcc/nios2-elf/3.4.6/../../../../nios2-elf/lib/libc.a(ctype_.o)
 .comment       0x00001a20       0x2c /cygdrive/c/altera/91/nios2eds/bin/nios2-gnutools/H-i686-pc-cygwin/bin/../lib/gcc/nios2-elf/3.4.6/../../../../nios2-elf/lib/libc.a(exit.o)
 .comment       0x00001a4c       0x2c /cygdrive/c/altera/91/nios2eds/bin/nios2-gnutools/H-i686-pc-cygwin/bin/../lib/gcc/nios2-elf/3.4.6/../../../../nios2-elf/lib/libc.a(memcmp.o)
 .comment       0x00001a78       0x2c /cygdrive/c/altera/91/nios2eds/bin/nios2-gnutools/H-i686-pc-cygwin/bin/../lib/gcc/nios2-elf/3.4.6/../../../../nios2-elf/lib/libc.a(putc.o)
 .comment       0x00001aa4       0x2c /cygdrive/c/altera/91/nios2eds/bin/nios2-gnutools/H-i686-pc-cygwin/bin/../lib/gcc/nios2-elf/3.4.6/../../../../nios2-elf/lib/libc.a(wbuf.o)
 .comment       0x00001ad0       0x2c ../controller_sw_bsp/libhal_bsp.a(alt_exit.o)

.debug
 *(.debug)

.line
 *(.line)

.debug_srcinfo
 *(.debug_srcinfo)

.debug_sfnames
 *(.debug_sfnames)

.debug_aranges  0x00000000     0x1318
 *(.debug_aranges)
 .debug_aranges
                0x00000000       0x28 ../controller_sw_bsp/obj/HAL/src/crt0.o
 .debug_aranges
                0x00000028       0x20 obj/collision_detection.o
 .debug_aranges
                0x00000048       0x20 obj/draw.o
 .debug_aranges
                0x00000068       0x20 obj/ethernet_isr.o
 .debug_aranges
                0x00000088       0x20 obj/game_loop.o
 .debug_aranges
                0x000000a8       0x20 obj/main.o
 .debug_aranges
                0x000000c8       0x20 obj/ship.o
 .debug_aranges
                0x000000e8       0x20 obj/util.o
 .debug_aranges
                0x00000108       0x20 /cygdrive/c/altera/91/nios2eds/bin/nios2-gnutools/H-i686-pc-cygwin/bin/../lib/gcc/nios2-elf/3.4.6/../../../../nios2-elf/lib/libm.a(s_cos.o)
 .debug_aranges
                0x00000128       0x20 /cygdrive/c/altera/91/nios2eds/bin/nios2-gnutools/H-i686-pc-cygwin/bin/../lib/gcc/nios2-elf/3.4.6/../../../../nios2-elf/lib/libm.a(s_sin.o)
 .debug_aranges
                0x00000148       0x20 /cygdrive/c/altera/91/nios2eds/bin/nios2-gnutools/H-i686-pc-cygwin/bin/../lib/gcc/nios2-elf/3.4.6/../../../../nios2-elf/lib/libm.a(sf_round.o)
 .debug_aranges
                0x00000168       0x20 /cygdrive/c/altera/91/nios2eds/bin/nios2-gnutools/H-i686-pc-cygwin/bin/../lib/gcc/nios2-elf/3.4.6/../../../../nios2-elf/lib/libm.a(w_sqrt.o)
 .debug_aranges
                0x00000188       0x20 /cygdrive/c/altera/91/nios2eds/bin/nios2-gnutools/H-i686-pc-cygwin/bin/../lib/gcc/nios2-elf/3.4.6/../../../../nios2-elf/lib/libm.a(e_rem_pio2.o)
 .debug_aranges
                0x000001a8       0x20 /cygdrive/c/altera/91/nios2eds/bin/nios2-gnutools/H-i686-pc-cygwin/bin/../lib/gcc/nios2-elf/3.4.6/../../../../nios2-elf/lib/libm.a(e_sqrt.o)
 .debug_aranges
                0x000001c8       0x20 /cygdrive/c/altera/91/nios2eds/bin/nios2-gnutools/H-i686-pc-cygwin/bin/../lib/gcc/nios2-elf/3.4.6/../../../../nios2-elf/lib/libm.a(k_cos.o)
 .debug_aranges
                0x000001e8       0x20 /cygdrive/c/altera/91/nios2eds/bin/nios2-gnutools/H-i686-pc-cygwin/bin/../lib/gcc/nios2-elf/3.4.6/../../../../nios2-elf/lib/libm.a(k_rem_pio2.o)
 .debug_aranges
                0x00000208       0x20 /cygdrive/c/altera/91/nios2eds/bin/nios2-gnutools/H-i686-pc-cygwin/bin/../lib/gcc/nios2-elf/3.4.6/../../../../nios2-elf/lib/libm.a(k_sin.o)
 .debug_aranges
                0x00000228       0x20 /cygdrive/c/altera/91/nios2eds/bin/nios2-gnutools/H-i686-pc-cygwin/bin/../lib/gcc/nios2-elf/3.4.6/../../../../nios2-elf/lib/libm.a(s_fabs.o)
 .debug_aranges
                0x00000248       0x20 /cygdrive/c/altera/91/nios2eds/bin/nios2-gnutools/H-i686-pc-cygwin/bin/../lib/gcc/nios2-elf/3.4.6/../../../../nios2-elf/lib/libm.a(s_floor.o)
 .debug_aranges
                0x00000268       0x20 /cygdrive/c/altera/91/nios2eds/bin/nios2-gnutools/H-i686-pc-cygwin/bin/../lib/gcc/nios2-elf/3.4.6/../../../../nios2-elf/lib/libm.a(s_isnan.o)
 .debug_aranges
                0x00000288       0x20 /cygdrive/c/altera/91/nios2eds/bin/nios2-gnutools/H-i686-pc-cygwin/bin/../lib/gcc/nios2-elf/3.4.6/../../../../nios2-elf/lib/libm.a(s_matherr.o)
 .debug_aranges
                0x000002a8       0x20 /cygdrive/c/altera/91/nios2eds/bin/nios2-gnutools/H-i686-pc-cygwin/bin/../lib/gcc/nios2-elf/3.4.6/../../../../nios2-elf/lib/libm.a(s_scalbn.o)
 .debug_aranges
                0x000002c8       0x20 /cygdrive/c/altera/91/nios2eds/bin/nios2-gnutools/H-i686-pc-cygwin/bin/../lib/gcc/nios2-elf/3.4.6/../../../../nios2-elf/lib/libm.a(s_copysign.o)
 .debug_aranges
                0x000002e8       0x20 /cygdrive/c/altera/91/nios2eds/bin/nios2-gnutools/H-i686-pc-cygwin/bin/../lib/gcc/nios2-elf/3.4.6/libgcc.a(_fixunssfsi.o)
 .debug_aranges
                0x00000308       0x20 /cygdrive/c/altera/91/nios2eds/bin/nios2-gnutools/H-i686-pc-cygwin/bin/../lib/gcc/nios2-elf/3.4.6/libgcc.a(_addsub_sf.o)
 .debug_aranges
                0x00000328       0x20 /cygdrive/c/altera/91/nios2eds/bin/nios2-gnutools/H-i686-pc-cygwin/bin/../lib/gcc/nios2-elf/3.4.6/libgcc.a(_mul_sf.o)
 .debug_aranges
                0x00000348       0x20 /cygdrive/c/altera/91/nios2eds/bin/nios2-gnutools/H-i686-pc-cygwin/bin/../lib/gcc/nios2-elf/3.4.6/libgcc.a(_div_sf.o)
 .debug_aranges
                0x00000368       0x20 /cygdrive/c/altera/91/nios2eds/bin/nios2-gnutools/H-i686-pc-cygwin/bin/../lib/gcc/nios2-elf/3.4.6/libgcc.a(_eq_sf.o)
 .debug_aranges
                0x00000388       0x20 /cygdrive/c/altera/91/nios2eds/bin/nios2-gnutools/H-i686-pc-cygwin/bin/../lib/gcc/nios2-elf/3.4.6/libgcc.a(_ne_sf.o)
 .debug_aranges
                0x000003a8       0x20 /cygdrive/c/altera/91/nios2eds/bin/nios2-gnutools/H-i686-pc-cygwin/bin/../lib/gcc/nios2-elf/3.4.6/libgcc.a(_gt_sf.o)
 .debug_aranges
                0x000003c8       0x20 /cygdrive/c/altera/91/nios2eds/bin/nios2-gnutools/H-i686-pc-cygwin/bin/../lib/gcc/nios2-elf/3.4.6/libgcc.a(_ge_sf.o)
 .debug_aranges
                0x000003e8       0x20 /cygdrive/c/altera/91/nios2eds/bin/nios2-gnutools/H-i686-pc-cygwin/bin/../lib/gcc/nios2-elf/3.4.6/libgcc.a(_lt_sf.o)
 .debug_aranges
                0x00000408       0x20 /cygdrive/c/altera/91/nios2eds/bin/nios2-gnutools/H-i686-pc-cygwin/bin/../lib/gcc/nios2-elf/3.4.6/libgcc.a(_le_sf.o)
 .debug_aranges
                0x00000428       0x20 /cygdrive/c/altera/91/nios2eds/bin/nios2-gnutools/H-i686-pc-cygwin/bin/../lib/gcc/nios2-elf/3.4.6/libgcc.a(_si_to_sf.o)
 .debug_aranges
                0x00000448       0x20 /cygdrive/c/altera/91/nios2eds/bin/nios2-gnutools/H-i686-pc-cygwin/bin/../lib/gcc/nios2-elf/3.4.6/libgcc.a(_sf_to_si.o)
 .debug_aranges
                0x00000468       0x20 /cygdrive/c/altera/91/nios2eds/bin/nios2-gnutools/H-i686-pc-cygwin/bin/../lib/gcc/nios2-elf/3.4.6/libgcc.a(_sf_to_df.o)
 .debug_aranges
                0x00000488       0x20 /cygdrive/c/altera/91/nios2eds/bin/nios2-gnutools/H-i686-pc-cygwin/bin/../lib/gcc/nios2-elf/3.4.6/libgcc.a(_addsub_df.o)
 .debug_aranges
                0x000004a8       0x20 /cygdrive/c/altera/91/nios2eds/bin/nios2-gnutools/H-i686-pc-cygwin/bin/../lib/gcc/nios2-elf/3.4.6/libgcc.a(_mul_df.o)
 .debug_aranges
                0x000004c8       0x20 /cygdrive/c/altera/91/nios2eds/bin/nios2-gnutools/H-i686-pc-cygwin/bin/../lib/gcc/nios2-elf/3.4.6/libgcc.a(_div_df.o)
 .debug_aranges
                0x000004e8       0x20 /cygdrive/c/altera/91/nios2eds/bin/nios2-gnutools/H-i686-pc-cygwin/bin/../lib/gcc/nios2-elf/3.4.6/libgcc.a(_eq_df.o)
 .debug_aranges
                0x00000508       0x20 /cygdrive/c/altera/91/nios2eds/bin/nios2-gnutools/H-i686-pc-cygwin/bin/../lib/gcc/nios2-elf/3.4.6/libgcc.a(_ne_df.o)
 .debug_aranges
                0x00000528       0x20 /cygdrive/c/altera/91/nios2eds/bin/nios2-gnutools/H-i686-pc-cygwin/bin/../lib/gcc/nios2-elf/3.4.6/libgcc.a(_gt_df.o)
 .debug_aranges
                0x00000548       0x20 /cygdrive/c/altera/91/nios2eds/bin/nios2-gnutools/H-i686-pc-cygwin/bin/../lib/gcc/nios2-elf/3.4.6/libgcc.a(_ge_df.o)
 .debug_aranges
                0x00000568       0x20 /cygdrive/c/altera/91/nios2eds/bin/nios2-gnutools/H-i686-pc-cygwin/bin/../lib/gcc/nios2-elf/3.4.6/libgcc.a(_lt_df.o)
 .debug_aranges
                0x00000588       0x20 /cygdrive/c/altera/91/nios2eds/bin/nios2-gnutools/H-i686-pc-cygwin/bin/../lib/gcc/nios2-elf/3.4.6/libgcc.a(_si_to_df.o)
 .debug_aranges
                0x000005a8       0x20 /cygdrive/c/altera/91/nios2eds/bin/nios2-gnutools/H-i686-pc-cygwin/bin/../lib/gcc/nios2-elf/3.4.6/libgcc.a(_df_to_si.o)
 .debug_aranges
                0x000005c8       0x20 /cygdrive/c/altera/91/nios2eds/bin/nios2-gnutools/H-i686-pc-cygwin/bin/../lib/gcc/nios2-elf/3.4.6/libgcc.a(_make_df.o)
 .debug_aranges
                0x000005e8       0x20 /cygdrive/c/altera/91/nios2eds/bin/nios2-gnutools/H-i686-pc-cygwin/bin/../lib/gcc/nios2-elf/3.4.6/libgcc.a(_df_to_sf.o)
 .debug_aranges
                0x00000608       0x20 /cygdrive/c/altera/91/nios2eds/bin/nios2-gnutools/H-i686-pc-cygwin/bin/../lib/gcc/nios2-elf/3.4.6/libgcc.a(lib2-divmod.o)
 .debug_aranges
                0x00000628       0x20 /cygdrive/c/altera/91/nios2eds/bin/nios2-gnutools/H-i686-pc-cygwin/bin/../lib/gcc/nios2-elf/3.4.6/libgcc.a(_muldi3.o)
 .debug_aranges
                0x00000648       0x20 /cygdrive/c/altera/91/nios2eds/bin/nios2-gnutools/H-i686-pc-cygwin/bin/../lib/gcc/nios2-elf/3.4.6/libgcc.a(_negdi2.o)
 .debug_aranges
                0x00000668       0x20 /cygdrive/c/altera/91/nios2eds/bin/nios2-gnutools/H-i686-pc-cygwin/bin/../lib/gcc/nios2-elf/3.4.6/libgcc.a(_lshrdi3.o)
 .debug_aranges
                0x00000688       0x20 /cygdrive/c/altera/91/nios2eds/bin/nios2-gnutools/H-i686-pc-cygwin/bin/../lib/gcc/nios2-elf/3.4.6/libgcc.a(_pack_sf.o)
 .debug_aranges
                0x000006a8       0x20 /cygdrive/c/altera/91/nios2eds/bin/nios2-gnutools/H-i686-pc-cygwin/bin/../lib/gcc/nios2-elf/3.4.6/libgcc.a(_unpack_sf.o)
 .debug_aranges
                0x000006c8       0x20 /cygdrive/c/altera/91/nios2eds/bin/nios2-gnutools/H-i686-pc-cygwin/bin/../lib/gcc/nios2-elf/3.4.6/libgcc.a(_fpcmp_parts_sf.o)
 .debug_aranges
                0x000006e8       0x20 /cygdrive/c/altera/91/nios2eds/bin/nios2-gnutools/H-i686-pc-cygwin/bin/../lib/gcc/nios2-elf/3.4.6/libgcc.a(_make_sf.o)
 .debug_aranges
                0x00000708       0x20 /cygdrive/c/altera/91/nios2eds/bin/nios2-gnutools/H-i686-pc-cygwin/bin/../lib/gcc/nios2-elf/3.4.6/libgcc.a(_pack_df.o)
 .debug_aranges
                0x00000728       0x20 /cygdrive/c/altera/91/nios2eds/bin/nios2-gnutools/H-i686-pc-cygwin/bin/../lib/gcc/nios2-elf/3.4.6/libgcc.a(_unpack_df.o)
 .debug_aranges
                0x00000748       0x20 /cygdrive/c/altera/91/nios2eds/bin/nios2-gnutools/H-i686-pc-cygwin/bin/../lib/gcc/nios2-elf/3.4.6/libgcc.a(_fpcmp_parts_df.o)
 .debug_aranges
                0x00000768       0x20 /cygdrive/c/altera/91/nios2eds/bin/nios2-gnutools/H-i686-pc-cygwin/bin/../lib/gcc/nios2-elf/3.4.6/libgcc.a(_ashldi3.o)
 .debug_aranges
                0x00000788       0x20 /cygdrive/c/altera/91/nios2eds/bin/nios2-gnutools/H-i686-pc-cygwin/bin/../lib/gcc/nios2-elf/3.4.6/../../../../nios2-elf/lib/libc.a(calloc.o)
 .debug_aranges
                0x000007a8       0x20 /cygdrive/c/altera/91/nios2eds/bin/nios2-gnutools/H-i686-pc-cygwin/bin/../lib/gcc/nios2-elf/3.4.6/../../../../nios2-elf/lib/libc.a(callocr.o)
 .debug_aranges
                0x000007c8       0x20 /cygdrive/c/altera/91/nios2eds/bin/nios2-gnutools/H-i686-pc-cygwin/bin/../lib/gcc/nios2-elf/3.4.6/../../../../nios2-elf/lib/libc.a(errno.o)
 .debug_aranges
                0x000007e8       0x20 /cygdrive/c/altera/91/nios2eds/bin/nios2-gnutools/H-i686-pc-cygwin/bin/../lib/gcc/nios2-elf/3.4.6/../../../../nios2-elf/lib/libc.a(fopen.o)
 .debug_aranges
                0x00000808       0x20 /cygdrive/c/altera/91/nios2eds/bin/nios2-gnutools/H-i686-pc-cygwin/bin/../lib/gcc/nios2-elf/3.4.6/../../../../nios2-elf/lib/libc.a(fprintf.o)
 .debug_aranges
                0x00000828       0x20 /cygdrive/c/altera/91/nios2eds/bin/nios2-gnutools/H-i686-pc-cygwin/bin/../lib/gcc/nios2-elf/3.4.6/../../../../nios2-elf/lib/libc.a(fseek.o)
 .debug_aranges
                0x00000848       0x20 /cygdrive/c/altera/91/nios2eds/bin/nios2-gnutools/H-i686-pc-cygwin/bin/../lib/gcc/nios2-elf/3.4.6/../../../../nios2-elf/lib/libc.a(fstatr.o)
 .debug_aranges
                0x00000868       0x20 /cygdrive/c/altera/91/nios2eds/bin/nios2-gnutools/H-i686-pc-cygwin/bin/../lib/gcc/nios2-elf/3.4.6/../../../../nios2-elf/lib/libc.a(makebuf.o)
 .debug_aranges
                0x00000888       0x20 /cygdrive/c/altera/91/nios2eds/bin/nios2-gnutools/H-i686-pc-cygwin/bin/../lib/gcc/nios2-elf/3.4.6/../../../../nios2-elf/lib/libc.a(malloc.o)
 .debug_aranges
                0x000008a8       0x20 /cygdrive/c/altera/91/nios2eds/bin/nios2-gnutools/H-i686-pc-cygwin/bin/../lib/gcc/nios2-elf/3.4.6/../../../../nios2-elf/lib/libc.a(mallocr.o)
 .debug_aranges
                0x000008c8       0x20 /cygdrive/c/altera/91/nios2eds/bin/nios2-gnutools/H-i686-pc-cygwin/bin/../lib/gcc/nios2-elf/3.4.6/../../../../nios2-elf/lib/libc.a(memcpy.o)
 .debug_aranges
                0x000008e8       0x20 /cygdrive/c/altera/91/nios2eds/bin/nios2-gnutools/H-i686-pc-cygwin/bin/../lib/gcc/nios2-elf/3.4.6/../../../../nios2-elf/lib/libc.a(memset.o)
 .debug_aranges
                0x00000908       0x20 /cygdrive/c/altera/91/nios2eds/bin/nios2-gnutools/H-i686-pc-cygwin/bin/../lib/gcc/nios2-elf/3.4.6/../../../../nios2-elf/lib/libc.a(openr.o)
 .debug_aranges
                0x00000928       0x20 /cygdrive/c/altera/91/nios2eds/bin/nios2-gnutools/H-i686-pc-cygwin/bin/../lib/gcc/nios2-elf/3.4.6/../../../../nios2-elf/lib/libc.a(rand.o)
 .debug_aranges
                0x00000948       0x20 /cygdrive/c/altera/91/nios2eds/bin/nios2-gnutools/H-i686-pc-cygwin/bin/../lib/gcc/nios2-elf/3.4.6/../../../../nios2-elf/lib/libc.a(refill.o)
 .debug_aranges
                0x00000968       0x20 /cygdrive/c/altera/91/nios2eds/bin/nios2-gnutools/H-i686-pc-cygwin/bin/../lib/gcc/nios2-elf/3.4.6/../../../../nios2-elf/lib/libc.a(sbrkr.o)
 .debug_aranges
                0x00000988       0x20 /cygdrive/c/altera/91/nios2eds/bin/nios2-gnutools/H-i686-pc-cygwin/bin/../lib/gcc/nios2-elf/3.4.6/../../../../nios2-elf/lib/libc.a(sprintf.o)
 .debug_aranges
                0x000009a8       0x20 /cygdrive/c/altera/91/nios2eds/bin/nios2-gnutools/H-i686-pc-cygwin/bin/../lib/gcc/nios2-elf/3.4.6/../../../../nios2-elf/lib/libc.a(stdio.o)
 .debug_aranges
                0x000009c8       0x20 /cygdrive/c/altera/91/nios2eds/bin/nios2-gnutools/H-i686-pc-cygwin/bin/../lib/gcc/nios2-elf/3.4.6/../../../../nios2-elf/lib/libc.a(strlen.o)
 .debug_aranges
                0x000009e8       0x20 /cygdrive/c/altera/91/nios2eds/bin/nios2-gnutools/H-i686-pc-cygwin/bin/../lib/gcc/nios2-elf/3.4.6/../../../../nios2-elf/lib/libc.a(vfprintf1.o)
 .debug_aranges
                0x00000a08       0x20 /cygdrive/c/altera/91/nios2eds/bin/nios2-gnutools/H-i686-pc-cygwin/bin/../lib/gcc/nios2-elf/3.4.6/../../../../nios2-elf/lib/libc.a(wcrtomb.o)
 .debug_aranges
                0x00000a28       0x20 /cygdrive/c/altera/91/nios2eds/bin/nios2-gnutools/H-i686-pc-cygwin/bin/../lib/gcc/nios2-elf/3.4.6/../../../../nios2-elf/lib/libc.a(wcsrtombs.o)
 .debug_aranges
                0x00000a48       0x20 /cygdrive/c/altera/91/nios2eds/bin/nios2-gnutools/H-i686-pc-cygwin/bin/../lib/gcc/nios2-elf/3.4.6/../../../../nios2-elf/lib/libc.a(wctomb_r.o)
 .debug_aranges
                0x00000a68       0x20 /cygdrive/c/altera/91/nios2eds/bin/nios2-gnutools/H-i686-pc-cygwin/bin/../lib/gcc/nios2-elf/3.4.6/../../../../nios2-elf/lib/libc.a(writer.o)
 .debug_aranges
                0x00000a88       0x20 /cygdrive/c/altera/91/nios2eds/bin/nios2-gnutools/H-i686-pc-cygwin/bin/../lib/gcc/nios2-elf/3.4.6/../../../../nios2-elf/lib/libc.a(wsetup.o)
 .debug_aranges
                0x00000aa8       0x20 /cygdrive/c/altera/91/nios2eds/bin/nios2-gnutools/H-i686-pc-cygwin/bin/../lib/gcc/nios2-elf/3.4.6/../../../../nios2-elf/lib/libc.a(closer.o)
 .debug_aranges
                0x00000ac8       0x20 /cygdrive/c/altera/91/nios2eds/bin/nios2-gnutools/H-i686-pc-cygwin/bin/../lib/gcc/nios2-elf/3.4.6/../../../../nios2-elf/lib/libc.a(dtoa.o)
 .debug_aranges
                0x00000ae8       0x20 /cygdrive/c/altera/91/nios2eds/bin/nios2-gnutools/H-i686-pc-cygwin/bin/../lib/gcc/nios2-elf/3.4.6/../../../../nios2-elf/lib/libc.a(fflush.o)
 .debug_aranges
                0x00000b08       0x20 /cygdrive/c/altera/91/nios2eds/bin/nios2-gnutools/H-i686-pc-cygwin/bin/../lib/gcc/nios2-elf/3.4.6/../../../../nios2-elf/lib/libc.a(findfp.o)
 .debug_aranges
                0x00000b28       0x20 /cygdrive/c/altera/91/nios2eds/bin/nios2-gnutools/H-i686-pc-cygwin/bin/../lib/gcc/nios2-elf/3.4.6/../../../../nios2-elf/lib/libc.a(findfp1.o)
 .debug_aranges
                0x00000b48       0x20 /cygdrive/c/altera/91/nios2eds/bin/nios2-gnutools/H-i686-pc-cygwin/bin/../lib/gcc/nios2-elf/3.4.6/../../../../nios2-elf/lib/libc.a(flags.o)
 .debug_aranges
                0x00000b68       0x20 /cygdrive/c/altera/91/nios2eds/bin/nios2-gnutools/H-i686-pc-cygwin/bin/../lib/gcc/nios2-elf/3.4.6/../../../../nios2-elf/lib/libc.a(freer.o)
 .debug_aranges
                0x00000b88       0x20 /cygdrive/c/altera/91/nios2eds/bin/nios2-gnutools/H-i686-pc-cygwin/bin/../lib/gcc/nios2-elf/3.4.6/../../../../nios2-elf/lib/libc.a(fvwrite.o)
 .debug_aranges
                0x00000ba8       0x20 /cygdrive/c/altera/91/nios2eds/bin/nios2-gnutools/H-i686-pc-cygwin/bin/../lib/gcc/nios2-elf/3.4.6/../../../../nios2-elf/lib/libc.a(fwalk.o)
 .debug_aranges
                0x00000bc8       0x20 /cygdrive/c/altera/91/nios2eds/bin/nios2-gnutools/H-i686-pc-cygwin/bin/../lib/gcc/nios2-elf/3.4.6/../../../../nios2-elf/lib/libc.a(locale.o)
 .debug_aranges
                0x00000be8       0x20 /cygdrive/c/altera/91/nios2eds/bin/nios2-gnutools/H-i686-pc-cygwin/bin/../lib/gcc/nios2-elf/3.4.6/../../../../nios2-elf/lib/libc.a(lseekr.o)
 .debug_aranges
                0x00000c08       0x20 /cygdrive/c/altera/91/nios2eds/bin/nios2-gnutools/H-i686-pc-cygwin/bin/../lib/gcc/nios2-elf/3.4.6/../../../../nios2-elf/lib/libc.a(memchr.o)
 .debug_aranges
                0x00000c28       0x20 /cygdrive/c/altera/91/nios2eds/bin/nios2-gnutools/H-i686-pc-cygwin/bin/../lib/gcc/nios2-elf/3.4.6/../../../../nios2-elf/lib/libc.a(memmove.o)
 .debug_aranges
                0x00000c48       0x20 /cygdrive/c/altera/91/nios2eds/bin/nios2-gnutools/H-i686-pc-cygwin/bin/../lib/gcc/nios2-elf/3.4.6/../../../../nios2-elf/lib/libc.a(mprec.o)
 .debug_aranges
                0x00000c68       0x20 /cygdrive/c/altera/91/nios2eds/bin/nios2-gnutools/H-i686-pc-cygwin/bin/../lib/gcc/nios2-elf/3.4.6/../../../../nios2-elf/lib/libc.a(readr.o)
 .debug_aranges
                0x00000c88       0x20 /cygdrive/c/altera/91/nios2eds/bin/nios2-gnutools/H-i686-pc-cygwin/bin/../lib/gcc/nios2-elf/3.4.6/../../../../nios2-elf/lib/libc.a(reallocr.o)
 .debug_aranges
                0x00000ca8       0x20 /cygdrive/c/altera/91/nios2eds/bin/nios2-gnutools/H-i686-pc-cygwin/bin/../lib/gcc/nios2-elf/3.4.6/../../../../nios2-elf/lib/libc.a(s_isinf.o)
 .debug_aranges